<?xml version="1.0" encoding="ISO-8859-1" ?>
<link_info>
   <banner>TI ARM Linker PC v18.1.4.LTS</banner>
   <copyright>Copyright (c) 1996-2018 Texas Instruments Incorporated</copyright>
   <link_time>0x5cabe320</link_time>
   <link_errors>0x0</link_errors>
   <output_file>ex5_q2.out</output_file>
   <entry_point>
      <name>_c_int00_noargs</name>
      <address>0x2329</address>
   </entry_point>
   <input_file_list>
      <input_file id="fl-2">
         <path>.\</path>
         <kind>object</kind>
         <file>freertos_demo.obj</file>
         <name>freertos_demo.obj</name>
      </input_file>
      <input_file id="fl-3">
         <path>.\</path>
         <kind>object</kind>
         <file>startup_ccs.obj</file>
         <name>startup_ccs.obj</name>
      </input_file>
      <input_file id="fl-4">
         <path>.\drivers\</path>
         <kind>object</kind>
         <file>buttons.obj</file>
         <name>buttons.obj</name>
      </input_file>
      <input_file id="fl-5">
         <path>.\drivers\</path>
         <kind>object</kind>
         <file>rgb.obj</file>
         <name>rgb.obj</name>
      </input_file>
      <input_file id="fl-6">
         <path>.\third_party\FreeRTOS\Source\</path>
         <kind>object</kind>
         <file>list.obj</file>
         <name>list.obj</name>
      </input_file>
      <input_file id="fl-7">
         <path>.\third_party\FreeRTOS\Source\</path>
         <kind>object</kind>
         <file>queue.obj</file>
         <name>queue.obj</name>
      </input_file>
      <input_file id="fl-8">
         <path>.\third_party\FreeRTOS\Source\</path>
         <kind>object</kind>
         <file>tasks.obj</file>
         <name>tasks.obj</name>
      </input_file>
      <input_file id="fl-9">
         <path>.\third_party\FreeRTOS\Source\portable\CCS\ARM_CM4F\</path>
         <kind>object</kind>
         <file>port.obj</file>
         <name>port.obj</name>
      </input_file>
      <input_file id="fl-a">
         <path>.\third_party\FreeRTOS\Source\portable\CCS\ARM_CM4F\</path>
         <kind>object</kind>
         <file>portasm.obj</file>
         <name>portasm.obj</name>
      </input_file>
      <input_file id="fl-b">
         <path>.\third_party\FreeRTOS\Source\portable\MemMang\</path>
         <kind>object</kind>
         <file>heap_2.obj</file>
         <name>heap_2.obj</name>
      </input_file>
      <input_file id="fl-c">
         <path>.\utils\</path>
         <kind>object</kind>
         <file>uartstdio.obj</file>
         <name>uartstdio.obj</name>
      </input_file>
      <input_file id="fl-d">
         <path>.\utils\</path>
         <kind>object</kind>
         <file>ustdlib.obj</file>
         <name>ustdlib.obj</name>
      </input_file>
      <input_file id="fl-12">
         <kind>object</kind>
         <file>&lt;internal&gt;</file>
         <name>&lt;internal&gt;</name>
      </input_file>
      <input_file id="fl-c8">
         <path>C:\ti\ccsv8\tools\compiler\ti-cgt-arm_18.1.4.LTS\lib\</path>
         <kind>archive</kind>
         <file>rtsv7M4_T_le_v4SPD16_eabi.lib</file>
         <name>u_divt2.asm.obj</name>
      </input_file>
      <input_file id="fl-c9">
         <path>C:\ti\ccsv8\tools\compiler\ti-cgt-arm_18.1.4.LTS\lib\</path>
         <kind>archive</kind>
         <file>rtsv7M4_T_le_v4SPD16_eabi.lib</file>
         <name>fs_toull_t2.asm.obj</name>
      </input_file>
      <input_file id="fl-ca">
         <path>C:\ti\ccsv8\tools\compiler\ti-cgt-arm_18.1.4.LTS\lib\</path>
         <kind>archive</kind>
         <file>rtsv7M4_T_le_v4SPD16_eabi.lib</file>
         <name>memcpy_t2.asm.obj</name>
      </input_file>
      <input_file id="fl-cb">
         <path>C:\ti\ccsv8\tools\compiler\ti-cgt-arm_18.1.4.LTS\lib\</path>
         <kind>archive</kind>
         <file>rtsv7M4_T_le_v4SPD16_eabi.lib</file>
         <name>memset_t2.asm.obj</name>
      </input_file>
      <input_file id="fl-cc">
         <path>C:\ti\ccsv8\tools\compiler\ti-cgt-arm_18.1.4.LTS\lib\</path>
         <kind>archive</kind>
         <file>rtsv7M4_T_le_v4SPD16_eabi.lib</file>
         <name>copy_zero_init.c.obj</name>
      </input_file>
      <input_file id="fl-cd">
         <path>C:\ti\ccsv8\tools\compiler\ti-cgt-arm_18.1.4.LTS\lib\</path>
         <kind>archive</kind>
         <file>rtsv7M4_T_le_v4SPD16_eabi.lib</file>
         <name>copy_decompress_none.c.obj</name>
      </input_file>
      <input_file id="fl-ce">
         <path>C:\ti\ccsv8\tools\compiler\ti-cgt-arm_18.1.4.LTS\lib\</path>
         <kind>archive</kind>
         <file>rtsv7M4_T_le_v4SPD16_eabi.lib</file>
         <name>copy_decompress_lzss.c.obj</name>
      </input_file>
      <input_file id="fl-cf">
         <path>C:\ti\ccsv8\tools\compiler\ti-cgt-arm_18.1.4.LTS\lib\</path>
         <kind>archive</kind>
         <file>rtsv7M4_T_le_v4SPD16_eabi.lib</file>
         <name>boot_cortex_m.c.obj</name>
      </input_file>
      <input_file id="fl-d0">
         <path>C:\ti\ccsv8\tools\compiler\ti-cgt-arm_18.1.4.LTS\lib\</path>
         <kind>archive</kind>
         <file>rtsv7M4_T_le_v4SPD16_eabi.lib</file>
         <name>exit.c.obj</name>
      </input_file>
      <input_file id="fl-d1">
         <path>C:\ti\ccsv8\tools\compiler\ti-cgt-arm_18.1.4.LTS\lib\</path>
         <kind>archive</kind>
         <file>rtsv7M4_T_le_v4SPD16_eabi.lib</file>
         <name>_lock.c.obj</name>
      </input_file>
      <input_file id="fl-d2">
         <path>C:\ti\ccsv8\tools\compiler\ti-cgt-arm_18.1.4.LTS\lib\</path>
         <kind>archive</kind>
         <file>rtsv7M4_T_le_v4SPD16_eabi.lib</file>
         <name>args_main.c.obj</name>
      </input_file>
      <input_file id="fl-d3">
         <path>C:\ti\ccsv8\tools\compiler\ti-cgt-arm_18.1.4.LTS\lib\</path>
         <kind>archive</kind>
         <file>rtsv7M4_T_le_v4SPD16_eabi.lib</file>
         <name>div0.asm.obj</name>
      </input_file>
      <input_file id="fl-d4">
         <path>C:\ti\ccsv8\tools\compiler\ti-cgt-arm_18.1.4.LTS\lib\</path>
         <kind>archive</kind>
         <file>rtsv7M4_T_le_v4SPD16_eabi.lib</file>
         <name>autoinit.c.obj</name>
      </input_file>
      <input_file id="fl-d5">
         <path>C:\ti\ccsv8\tools\compiler\ti-cgt-arm_18.1.4.LTS\lib\</path>
         <kind>archive</kind>
         <file>rtsv7M4_T_le_v4SPD16_eabi.lib</file>
         <name>pre_init.c.obj</name>
      </input_file>
      <input_file id="fl-d6">
         <path>C:\ti\ccsv8\tools\compiler\ti-cgt-arm_18.1.4.LTS\lib\</path>
         <kind>archive</kind>
         <file>rtsv7M4_T_le_v4SPD16_eabi.lib</file>
         <name>cpy_tbl.c.obj</name>
      </input_file>
      <input_file id="fl-d7">
         <path>C:\ti\TivaWare_C_Series-2.1.4.178\driverlib\ccs\Debug\</path>
         <kind>archive</kind>
         <file>driverlib.lib</file>
         <name>interrupt.obj</name>
      </input_file>
      <input_file id="fl-d8">
         <path>C:\ti\TivaWare_C_Series-2.1.4.178\driverlib\ccs\Debug\</path>
         <kind>archive</kind>
         <file>driverlib.lib</file>
         <name>sysctl.obj</name>
      </input_file>
      <input_file id="fl-d9">
         <path>C:\ti\TivaWare_C_Series-2.1.4.178\driverlib\ccs\Debug\</path>
         <kind>archive</kind>
         <file>driverlib.lib</file>
         <name>timer.obj</name>
      </input_file>
      <input_file id="fl-da">
         <path>C:\ti\TivaWare_C_Series-2.1.4.178\driverlib\ccs\Debug\</path>
         <kind>archive</kind>
         <file>driverlib.lib</file>
         <name>uart.obj</name>
      </input_file>
      <input_file id="fl-db">
         <path>C:\ti\TivaWare_C_Series-2.1.4.178\driverlib\ccs\Debug\</path>
         <kind>archive</kind>
         <file>driverlib.lib</file>
         <name>cpu.obj</name>
      </input_file>
   </input_file_list>
   <object_component_list>
      <object_component id="oc-f">
         <name>.intvecs</name>
         <load_address>0x0</load_address>
         <run_address>0x0</run_address>
         <size>0x26c</size>
         <input_file_ref idref="fl-3"/>
      </object_component>
      <object_component id="oc-10a">
         <name>.text:main</name>
         <load_address>0x26c</load_address>
         <run_address>0x26c</run_address>
         <size>0x220</size>
         <input_file_ref idref="fl-2"/>
      </object_component>
      <object_component id="oc-14f">
         <name>.text:UARTvprintf</name>
         <load_address>0x48c</load_address>
         <run_address>0x48c</run_address>
         <size>0x1ea</size>
         <input_file_ref idref="fl-c"/>
      </object_component>
      <object_component id="oc-30">
         <name>.text:FaultISR</name>
         <load_address>0x676</load_address>
         <run_address>0x676</run_address>
         <size>0x2</size>
         <input_file_ref idref="fl-3"/>
      </object_component>
      <object_component id="oc-47">
         <name>.text:Timer0AHandler</name>
         <load_address>0x678</load_address>
         <run_address>0x678</run_address>
         <size>0x1c0</size>
         <input_file_ref idref="fl-2"/>
      </object_component>
      <object_component id="oc-22d">
         <name>.text:Service_7</name>
         <load_address>0x838</load_address>
         <run_address>0x838</run_address>
         <size>0x15c</size>
         <input_file_ref idref="fl-2"/>
      </object_component>
      <object_component id="oc-20f">
         <name>.text:Service_2</name>
         <load_address>0x994</load_address>
         <run_address>0x994</run_address>
         <size>0x158</size>
         <input_file_ref idref="fl-2"/>
      </object_component>
      <object_component id="oc-227">
         <name>.text:Service_6</name>
         <load_address>0xaec</load_address>
         <run_address>0xaec</run_address>
         <size>0x158</size>
         <input_file_ref idref="fl-2"/>
      </object_component>
      <object_component id="oc-21b">
         <name>.text:Service_4</name>
         <load_address>0xc44</load_address>
         <run_address>0xc44</run_address>
         <size>0x150</size>
         <input_file_ref idref="fl-2"/>
      </object_component>
      <object_component id="oc-221">
         <name>.text:Service_5</name>
         <load_address>0xd94</load_address>
         <run_address>0xd94</run_address>
         <size>0x150</size>
         <input_file_ref idref="fl-2"/>
      </object_component>
      <object_component id="oc-215">
         <name>.text:Service_3</name>
         <load_address>0xee4</load_address>
         <run_address>0xee4</run_address>
         <size>0x140</size>
         <input_file_ref idref="fl-2"/>
      </object_component>
      <object_component id="oc-209">
         <name>.text:Service_1</name>
         <load_address>0x1024</load_address>
         <run_address>0x1024</run_address>
         <size>0x130</size>
         <input_file_ref idref="fl-2"/>
      </object_component>
      <object_component id="oc-33e">
         <name>.text:xQueueGenericReceive</name>
         <load_address>0x1154</load_address>
         <run_address>0x1154</run_address>
         <size>0x118</size>
         <input_file_ref idref="fl-7"/>
      </object_component>
      <object_component id="oc-a4">
         <name>.text:xTaskIncrementTick</name>
         <load_address>0x126c</load_address>
         <run_address>0x126c</run_address>
         <size>0x104</size>
         <input_file_ref idref="fl-8"/>
      </object_component>
      <object_component id="oc-1f6">
         <name>.text:xTaskGenericCreate</name>
         <load_address>0x1370</load_address>
         <run_address>0x1370</run_address>
         <size>0x100</size>
         <input_file_ref idref="fl-8"/>
      </object_component>
      <object_component id="oc-bd">
         <name>.text:xQueueGenericSend</name>
         <load_address>0x1470</load_address>
         <run_address>0x1470</run_address>
         <size>0xe8</size>
         <input_file_ref idref="fl-7"/>
      </object_component>
      <object_component id="oc-180">
         <name>.text:xTaskResumeAll</name>
         <load_address>0x1558</load_address>
         <run_address>0x1558</run_address>
         <size>0xe4</size>
         <input_file_ref idref="fl-8"/>
      </object_component>
      <object_component id="oc-3c">
         <name>.text</name>
         <load_address>0x163c</load_address>
         <run_address>0x163c</run_address>
         <size>0xd2</size>
         <input_file_ref idref="fl-a"/>
      </object_component>
      <object_component id="oc-36">
         <name>.text:IntDefaultHandler</name>
         <load_address>0x170e</load_address>
         <run_address>0x170e</run_address>
         <size>0x2</size>
         <input_file_ref idref="fl-3"/>
      </object_component>
      <object_component id="oc-2d9">
         <name>.text:pvPortMalloc</name>
         <load_address>0x1710</load_address>
         <run_address>0x1710</run_address>
         <size>0xac</size>
         <input_file_ref idref="fl-b"/>
      </object_component>
      <object_component id="oc-61">
         <name>.text</name>
         <load_address>0x17bc</load_address>
         <run_address>0x17bc</run_address>
         <size>0x9c</size>
         <input_file_ref idref="fl-ca"/>
      </object_component>
      <object_component id="oc-3e5">
         <name>.text:vTaskPriorityInherit</name>
         <load_address>0x1858</load_address>
         <run_address>0x1858</run_address>
         <size>0x90</size>
         <input_file_ref idref="fl-8"/>
      </object_component>
      <object_component id="oc-9d">
         <name>.text:vTaskSwitchContext</name>
         <load_address>0x18e8</load_address>
         <run_address>0x18e8</run_address>
         <size>0x8c</size>
         <input_file_ref idref="fl-8"/>
      </object_component>
      <object_component id="oc-2e6">
         <name>.text:xQueueGenericReset</name>
         <load_address>0x1974</load_address>
         <run_address>0x1974</run_address>
         <size>0x84</size>
         <input_file_ref idref="fl-7"/>
      </object_component>
      <object_component id="oc-fe">
         <name>.text</name>
         <load_address>0x19f8</load_address>
         <run_address>0x19f8</run_address>
         <size>0x7a</size>
         <input_file_ref idref="fl-cb"/>
      </object_component>
      <object_component id="oc-2a">
         <name>.text:NmiSR</name>
         <load_address>0x1a72</load_address>
         <run_address>0x1a72</run_address>
         <size>0x2</size>
         <input_file_ref idref="fl-3"/>
      </object_component>
      <object_component id="oc-2bd">
         <name>.text:xTaskPriorityDisinherit</name>
         <load_address>0x1a74</load_address>
         <run_address>0x1a74</run_address>
         <size>0x78</size>
         <input_file_ref idref="fl-8"/>
      </object_component>
      <object_component id="oc-1fc">
         <name>.text:ConfigureTimer</name>
         <load_address>0x1aec</load_address>
         <run_address>0x1aec</run_address>
         <size>0x74</size>
         <input_file_ref idref="fl-2"/>
      </object_component>
      <object_component id="oc-198">
         <name>.text:xTaskRemoveFromEventList</name>
         <load_address>0x1b60</load_address>
         <run_address>0x1b60</run_address>
         <size>0x74</size>
         <input_file_ref idref="fl-8"/>
      </object_component>
      <object_component id="oc-192">
         <name>.text:prvCopyDataToQueue</name>
         <load_address>0x1bd4</load_address>
         <run_address>0x1bd4</run_address>
         <size>0x72</size>
         <input_file_ref idref="fl-7"/>
      </object_component>
      <object_component id="oc-374">
         <name>.text</name>
         <load_address>0x1c46</load_address>
         <run_address>0x1c46</run_address>
         <size>0x2</size>
         <input_file_ref idref="fl-d3"/>
      </object_component>
      <object_component id="oc-31e">
         <name>.text:IntEnable</name>
         <load_address>0x1c48</load_address>
         <run_address>0x1c48</run_address>
         <size>0x68</size>
         <input_file_ref idref="fl-d7"/>
      </object_component>
      <object_component id="oc-12">
         <name>.text:decompress:lzss:__TI_decompress_lzss</name>
         <load_address>0x1cb0</load_address>
         <run_address>0x1cb0</run_address>
         <size>0x68</size>
         <input_file_ref idref="fl-ce"/>
      </object_component>
      <object_component id="oc-1e4">
         <name>.text:ConfigureUART</name>
         <load_address>0x1d18</load_address>
         <run_address>0x1d18</run_address>
         <size>0x64</size>
         <input_file_ref idref="fl-2"/>
      </object_component>
      <object_component id="oc-18c">
         <name>.text:vTaskPlaceOnEventList</name>
         <load_address>0x1d7c</load_address>
         <run_address>0x1d7c</run_address>
         <size>0x64</size>
         <input_file_ref idref="fl-8"/>
      </object_component>
      <object_component id="oc-17a">
         <name>.text:prvUnlockQueue</name>
         <load_address>0x1de0</load_address>
         <run_address>0x1de0</run_address>
         <size>0x62</size>
         <input_file_ref idref="fl-7"/>
      </object_component>
      <object_component id="oc-127">
         <name>.text:vApplicationStackOverflowHook</name>
         <load_address>0x1e42</load_address>
         <run_address>0x1e42</run_address>
         <size>0x2</size>
         <input_file_ref idref="fl-2"/>
      </object_component>
      <object_component id="oc-312">
         <name>.text:TimerConfigure</name>
         <load_address>0x1e44</load_address>
         <run_address>0x1e44</run_address>
         <size>0x60</size>
         <input_file_ref idref="fl-d9"/>
      </object_component>
      <object_component id="oc-2d2">
         <name>.text:UARTStdioConfig</name>
         <load_address>0x1ea4</load_address>
         <run_address>0x1ea4</run_address>
         <size>0x60</size>
         <input_file_ref idref="fl-c"/>
      </object_component>
      <object_component id="oc-2ff">
         <name>.text:prvInitialiseTaskLists</name>
         <load_address>0x1f04</load_address>
         <run_address>0x1f04</run_address>
         <size>0x60</size>
         <input_file_ref idref="fl-8"/>
      </object_component>
      <object_component id="oc-202">
         <name>.text:vTaskStartScheduler</name>
         <load_address>0x1f64</load_address>
         <run_address>0x1f64</run_address>
         <size>0x60</size>
         <input_file_ref idref="fl-8"/>
      </object_component>
      <object_component id="oc-3d8">
         <name>.text:prvCheckTasksWaitingTermination</name>
         <load_address>0x1fc4</load_address>
         <run_address>0x1fc4</run_address>
         <size>0x58</size>
         <input_file_ref idref="fl-8"/>
      </object_component>
      <object_component id="oc-2f3">
         <name>.text:prvInitialiseTCBVariables</name>
         <load_address>0x201c</load_address>
         <run_address>0x201c</run_address>
         <size>0x56</size>
         <input_file_ref idref="fl-8"/>
      </object_component>
      <object_component id="oc-174">
         <name>.text:xTaskCheckForTimeOut</name>
         <load_address>0x2074</load_address>
         <run_address>0x2074</run_address>
         <size>0x54</size>
         <input_file_ref idref="fl-8"/>
      </object_component>
      <object_component id="oc-2b3">
         <name>.text:prvAddCurrentTaskToDelayedList</name>
         <load_address>0x20c8</load_address>
         <run_address>0x20c8</run_address>
         <size>0x4c</size>
         <input_file_ref idref="fl-8"/>
      </object_component>
      <object_component id="oc-1ea">
         <name>.text:xQueueCreateMutex</name>
         <load_address>0x2114</load_address>
         <run_address>0x2114</run_address>
         <size>0x4c</size>
         <input_file_ref idref="fl-7"/>
      </object_component>
      <object_component id="oc-28b">
         <name>.text:UARTwrite</name>
         <load_address>0x2160</load_address>
         <run_address>0x2160</run_address>
         <size>0x48</size>
         <input_file_ref idref="fl-c"/>
      </object_component>
      <object_component id="oc-240">
         <name>.text:__TI_auto_init_nobinit_nopinit:__TI_auto_init_nobinit_nopinit</name>
         <load_address>0x21a8</load_address>
         <run_address>0x21a8</run_address>
         <size>0x44</size>
         <input_file_ref idref="fl-d4"/>
      </object_component>
      <object_component id="oc-3a0">
         <name>.text:vPortFree</name>
         <load_address>0x21ec</load_address>
         <run_address>0x21ec</run_address>
         <size>0x44</size>
         <input_file_ref idref="fl-b"/>
      </object_component>
      <object_component id="oc-291">
         <name>.text</name>
         <load_address>0x2230</load_address>
         <run_address>0x2230</run_address>
         <size>0x40</size>
         <input_file_ref idref="fl-c8"/>
      </object_component>
      <object_component id="oc-331">
         <name>.text:xPortStartScheduler</name>
         <load_address>0x2270</load_address>
         <run_address>0x2270</run_address>
         <size>0x40</size>
         <input_file_ref idref="fl-9"/>
      </object_component>
      <object_component id="oc-1f0">
         <name>.text:xQueueGenericCreate</name>
         <load_address>0x22b0</load_address>
         <run_address>0x22b0</run_address>
         <size>0x3c</size>
         <input_file_ref idref="fl-7"/>
      </object_component>
      <object_component id="oc-2ed">
         <name>.text:prvAllocateTCBAndStack</name>
         <load_address>0x22ec</load_address>
         <run_address>0x22ec</run_address>
         <size>0x3a</size>
         <input_file_ref idref="fl-8"/>
      </object_component>
      <object_component id="oc-7f">
         <name>.text:_c_int00_noargs:_c_int00_noargs</name>
         <load_address>0x2328</load_address>
         <run_address>0x2328</run_address>
         <size>0x38</size>
         <input_file_ref idref="fl-cf"/>
      </object_component>
      <object_component id="oc-2ad">
         <name>.text:vListInsert</name>
         <load_address>0x2360</load_address>
         <run_address>0x2360</run_address>
         <size>0x38</size>
         <input_file_ref idref="fl-6"/>
      </object_component>
      <object_component id="oc-306">
         <name>.text:SysCtlPeripheralEnable</name>
         <load_address>0x2398</load_address>
         <run_address>0x2398</run_address>
         <size>0x34</size>
         <input_file_ref idref="fl-d8"/>
      </object_component>
      <object_component id="oc-38d">
         <name>.text:prvHeapInit</name>
         <load_address>0x23cc</load_address>
         <run_address>0x23cc</run_address>
         <size>0x30</size>
         <input_file_ref idref="fl-b"/>
      </object_component>
      <object_component id="oc-41">
         <name>.text:xPortSysTickHandler</name>
         <load_address>0x23fc</load_address>
         <run_address>0x23fc</run_address>
         <size>0x2c</size>
         <input_file_ref idref="fl-9"/>
      </object_component>
      <object_component id="oc-131">
         <name>.text:prvResetNextTaskUnblockTime</name>
         <load_address>0x2428</load_address>
         <run_address>0x2428</run_address>
         <size>0x28</size>
         <input_file_ref idref="fl-8"/>
      </object_component>
      <object_component id="oc-2f9">
         <name>.text:pxPortInitialiseStack</name>
         <load_address>0x2450</load_address>
         <run_address>0x2450</run_address>
         <size>0x28</size>
         <input_file_ref idref="fl-9"/>
      </object_component>
      <object_component id="oc-3eb">
         <name>.text:prvCopyDataFromQueue</name>
         <load_address>0x2478</load_address>
         <run_address>0x2478</run_address>
         <size>0x26</size>
         <input_file_ref idref="fl-7"/>
      </object_component>
      <object_component id="oc-137">
         <name>.text:uxListRemove</name>
         <load_address>0x249e</load_address>
         <run_address>0x249e</run_address>
         <size>0x20</size>
         <input_file_ref idref="fl-6"/>
      </object_component>
      <object_component id="oc-186">
         <name>.text:prvIsQueueFull</name>
         <load_address>0x24be</load_address>
         <run_address>0x24be</run_address>
         <size>0x1c</size>
         <input_file_ref idref="fl-7"/>
      </object_component>
      <object_component id="oc-16e">
         <name>.text:vPortEnterCritical</name>
         <load_address>0x24dc</load_address>
         <run_address>0x24dc</run_address>
         <size>0x1c</size>
         <input_file_ref idref="fl-9"/>
      </object_component>
      <object_component id="oc-b7">
         <name>.text:UARTprintf</name>
         <load_address>0x24f8</load_address>
         <run_address>0x24f8</run_address>
         <size>0x1a</size>
         <input_file_ref idref="fl-c"/>
      </object_component>
      <object_component id="oc-3df">
         <name>.text:prvIsQueueEmpty</name>
         <load_address>0x2512</load_address>
         <run_address>0x2512</run_address>
         <size>0x1a</size>
         <input_file_ref idref="fl-7"/>
      </object_component>
      <object_component id="oc-c9">
         <name>.text:TimerDisable</name>
         <load_address>0x252c</load_address>
         <run_address>0x252c</run_address>
         <size>0x18</size>
         <input_file_ref idref="fl-d9"/>
      </object_component>
      <object_component id="oc-3f1">
         <name>.text:pvTaskIncrementMutexHeldCount</name>
         <load_address>0x2544</load_address>
         <run_address>0x2544</run_address>
         <size>0x18</size>
         <input_file_ref idref="fl-8"/>
      </object_component>
      <object_component id="oc-13d">
         <name>.text:vListInsertEnd</name>
         <load_address>0x255c</load_address>
         <run_address>0x255c</run_address>
         <size>0x18</size>
         <input_file_ref idref="fl-6"/>
      </object_component>
      <object_component id="oc-162">
         <name>.text:vPortExitCritical</name>
         <load_address>0x2574</load_address>
         <run_address>0x2574</run_address>
         <size>0x18</size>
         <input_file_ref idref="fl-9"/>
      </object_component>
      <object_component id="oc-15c">
         <name>.text:vTaskSetTimeOutState</name>
         <load_address>0x258c</load_address>
         <run_address>0x258c</run_address>
         <size>0x18</size>
         <input_file_ref idref="fl-8"/>
      </object_component>
      <object_component id="oc-2df">
         <name>.text:vListInitialise</name>
         <load_address>0x25a4</load_address>
         <run_address>0x25a4</run_address>
         <size>0x16</size>
         <input_file_ref idref="fl-6"/>
      </object_component>
      <object_component id="oc-3d1">
         <name>.text:vPortSetupTimerInterrupt</name>
         <load_address>0x25bc</load_address>
         <run_address>0x25bc</run_address>
         <size>0x14</size>
         <input_file_ref idref="fl-9"/>
      </object_component>
      <object_component id="oc-318">
         <name>.text:TimerLoadSet</name>
         <load_address>0x25d0</load_address>
         <run_address>0x25d0</run_address>
         <size>0x12</size>
         <input_file_ref idref="fl-d9"/>
      </object_component>
      <object_component id="oc-44b">
         <name>.text:prvDeleteTCB</name>
         <load_address>0x25e2</load_address>
         <run_address>0x25e2</run_address>
         <size>0x12</size>
         <input_file_ref idref="fl-8"/>
      </object_component>
      <object_component id="oc-30c">
         <name>.text:IntMasterEnable</name>
         <load_address>0x25f4</load_address>
         <run_address>0x25f4</run_address>
         <size>0x10</size>
         <input_file_ref idref="fl-d7"/>
      </object_component>
      <object_component id="oc-3ae">
         <name>.text:prvTaskExitError</name>
         <load_address>0x2604</load_address>
         <run_address>0x2604</run_address>
         <size>0x10</size>
         <input_file_ref idref="fl-9"/>
      </object_component>
      <object_component id="oc-168">
         <name>.text:vTaskSuspendAll</name>
         <load_address>0x2614</load_address>
         <run_address>0x2614</run_address>
         <size>0x10</size>
         <input_file_ref idref="fl-8"/>
      </object_component>
      <object_component id="oc-32a">
         <name>.text:TimerEnable</name>
         <load_address>0x2624</load_address>
         <run_address>0x2624</run_address>
         <size>0xe</size>
         <input_file_ref idref="fl-d9"/>
      </object_component>
      <object_component id="oc-18">
         <name>.text:decompress:none:__TI_decompress_none</name>
         <load_address>0x2632</load_address>
         <run_address>0x2632</run_address>
         <size>0xe</size>
         <input_file_ref idref="fl-cd"/>
      </object_component>
      <object_component id="oc-3c1">
         <name>.text:CPUcpsie</name>
         <load_address>0x2640</load_address>
         <run_address>0x2640</run_address>
         <size>0xc</size>
         <input_file_ref idref="fl-db"/>
      </object_component>
      <object_component id="oc-4d">
         <name>.text:Timer1AHandler</name>
         <load_address>0x264c</load_address>
         <run_address>0x264c</run_address>
         <size>0xc</size>
         <input_file_ref idref="fl-2"/>
      </object_component>
      <object_component id="oc-73">
         <name>.text:decompress:ZI:__TI_zero_init</name>
         <load_address>0x2658</load_address>
         <run_address>0x2658</run_address>
         <size>0xc</size>
         <input_file_ref idref="fl-cc"/>
      </object_component>
      <object_component id="oc-2a1">
         <name>.text:vTaskMissedYield</name>
         <load_address>0x2664</load_address>
         <run_address>0x2664</run_address>
         <size>0xc</size>
         <input_file_ref idref="fl-8"/>
      </object_component>
      <object_component id="oc-c3">
         <name>.text:TimerIntDisable</name>
         <load_address>0x2670</load_address>
         <run_address>0x2670</run_address>
         <size>0xa</size>
         <input_file_ref idref="fl-d9"/>
      </object_component>
      <object_component id="oc-b1">
         <name>.text:TimerValueGet</name>
         <load_address>0x267a</load_address>
         <run_address>0x267a</run_address>
         <size>0xa</size>
         <input_file_ref idref="fl-d9"/>
      </object_component>
      <object_component id="oc-324">
         <name>.text:TimerIntEnable</name>
         <load_address>0x2684</load_address>
         <run_address>0x2684</run_address>
         <size>0x8</size>
         <input_file_ref idref="fl-d9"/>
      </object_component>
      <object_component id="oc-337">
         <name>.text:prvIdleTask</name>
         <load_address>0x268c</load_address>
         <run_address>0x268c</run_address>
         <size>0x8</size>
         <input_file_ref idref="fl-8"/>
      </object_component>
      <object_component id="oc-24">
         <name>.text:ResetISR</name>
         <load_address>0x2694</load_address>
         <run_address>0x2694</run_address>
         <size>0x6</size>
         <input_file_ref idref="fl-3"/>
      </object_component>
      <object_component id="oc-2cc">
         <name>.text:UARTClockSourceSet</name>
         <load_address>0x269a</load_address>
         <run_address>0x269a</run_address>
         <size>0x6</size>
         <input_file_ref idref="fl-da"/>
      </object_component>
      <object_component id="oc-3a7">
         <name>.text:vListInitialiseItem</name>
         <load_address>0x26a0</load_address>
         <run_address>0x26a0</run_address>
         <size>0x6</size>
         <input_file_ref idref="fl-6"/>
      </object_component>
      <object_component id="oc-ab">
         <name>.text:TimerIntClear</name>
         <load_address>0x26a6</load_address>
         <run_address>0x26a6</run_address>
         <size>0x4</size>
         <input_file_ref idref="fl-d9"/>
      </object_component>
      <object_component id="oc-104">
         <name>.text:_system_pre_init</name>
         <load_address>0x26aa</load_address>
         <run_address>0x26aa</run_address>
         <size>0x4</size>
         <input_file_ref idref="fl-d5"/>
      </object_component>
      <object_component id="oc-234">
         <name>.text:abort:abort</name>
         <load_address>0x26ae</load_address>
         <run_address>0x26ae</run_address>
         <size>0x4</size>
         <input_file_ref idref="fl-d0"/>
      </object_component>
      <object_component id="oc-3ca">
         <name>.const</name>
         <load_address>0x26b4</load_address>
         <run_address>0x26b4</run_address>
         <size>0x70</size>
         <input_file_ref idref="fl-d7"/>
      </object_component>
      <object_component id="oc-389">
         <name>.const:g_ui32UARTBase</name>
         <load_address>0x2724</load_address>
         <run_address>0x2724</run_address>
         <size>0xc</size>
         <input_file_ref idref="fl-c"/>
      </object_component>
      <object_component id="oc-386">
         <name>.const:g_ui32UARTPeriph</name>
         <load_address>0x2730</load_address>
         <run_address>0x2730</run_address>
         <size>0xc</size>
         <input_file_ref idref="fl-c"/>
      </object_component>
      <object_component id="oc-9a">
         <name>.const</name>
         <load_address>0x273c</load_address>
         <run_address>0x273c</run_address>
         <size>0x4</size>
         <input_file_ref idref="fl-9"/>
      </object_component>
      <object_component id="oc-491">
         <name>.cinit..data.load</name>
         <load_address>0x2740</load_address>
         <run_address>0x2740</run_address>
         <size>0xf</size>
      </object_component>
      <object_component id="oc-48f">
         <name>__TI_handler_table</name>
         <load_address>0x2750</load_address>
         <run_address>0x2750</run_address>
         <size>0xc</size>
      </object_component>
      <object_component id="oc-492">
         <name>.cinit..bss.load</name>
         <load_address>0x2760</load_address>
         <run_address>0x2760</run_address>
         <size>0x8</size>
      </object_component>
      <object_component id="oc-490">
         <name>__TI_cinit_table</name>
         <load_address>0x2768</load_address>
         <run_address>0x2768</run_address>
         <size>0x10</size>
      </object_component>
      <object_component id="oc-cf">
         <name>.data</name>
         <load_address>0x20007940</load_address>
         <run_address>0x20007940</run_address>
         <size>0x20</size>
         <input_file_ref idref="fl-2"/>
      </object_component>
      <object_component id="oc-97">
         <name>.data</name>
         <load_address>0x20007910</load_address>
         <run_address>0x20007910</run_address>
         <size>0x30</size>
         <input_file_ref idref="fl-8"/>
      </object_component>
      <object_component id="oc-29a">
         <name>.data</name>
         <load_address>0x20007970</load_address>
         <run_address>0x20007970</run_address>
         <size>0x4</size>
         <input_file_ref idref="fl-9"/>
      </object_component>
      <object_component id="oc-393">
         <name>.data</name>
         <load_address>0x20007960</load_address>
         <run_address>0x20007960</run_address>
         <size>0x8</size>
         <input_file_ref idref="fl-b"/>
      </object_component>
      <object_component id="oc-36d">
         <name>.data</name>
         <load_address>0x20007968</load_address>
         <run_address>0x20007968</run_address>
         <size>0x5</size>
         <input_file_ref idref="fl-c"/>
      </object_component>
      <object_component id="oc-12d">
         <name>.bss:pxReadyTasksLists</name>
         <uninitialized>true</uninitialized>
         <run_address>0x20007530</run_address>
         <size>0x140</size>
         <input_file_ref idref="fl-8"/>
      </object_component>
      <object_component id="oc-3b5">
         <name>.bss:xDelayedTaskList1</name>
         <uninitialized>true</uninitialized>
         <run_address>0x20007670</run_address>
         <size>0x14</size>
         <input_file_ref idref="fl-8"/>
      </object_component>
      <object_component id="oc-3b8">
         <name>.bss:xDelayedTaskList2</name>
         <uninitialized>true</uninitialized>
         <run_address>0x20007684</run_address>
         <size>0x14</size>
         <input_file_ref idref="fl-8"/>
      </object_component>
      <object_component id="oc-143">
         <name>.bss</name>
         <uninitialized>true</uninitialized>
         <run_address>0x200076d4</run_address>
         <size>0x8</size>
         <input_file_ref idref="fl-8"/>
      </object_component>
      <object_component id="oc-2a8">
         <name>.bss:xPendingReadyList</name>
         <uninitialized>true</uninitialized>
         <run_address>0x20007698</run_address>
         <size>0x14</size>
         <input_file_ref idref="fl-8"/>
      </object_component>
      <object_component id="oc-3bb">
         <name>.bss:xTasksWaitingTermination</name>
         <uninitialized>true</uninitialized>
         <run_address>0x200076c0</run_address>
         <size>0x14</size>
         <input_file_ref idref="fl-8"/>
      </object_component>
      <object_component id="oc-2b9">
         <name>.bss:xSuspendedTaskList</name>
         <uninitialized>true</uninitialized>
         <run_address>0x200076ac</run_address>
         <size>0x14</size>
         <input_file_ref idref="fl-8"/>
      </object_component>
      <object_component id="oc-424">
         <name>.bss:ucHeap</name>
         <uninitialized>true</uninitialized>
         <run_address>0x20000000</run_address>
         <size>0x7530</size>
         <input_file_ref idref="fl-b"/>
      </object_component>
      <object_component id="oc-396">
         <name>.bss:xStart</name>
         <uninitialized>true</uninitialized>
         <run_address>0x200076e4</run_address>
         <size>0x8</size>
         <input_file_ref idref="fl-b"/>
      </object_component>
      <object_component id="oc-399">
         <name>.bss:xEnd</name>
         <uninitialized>true</uninitialized>
         <run_address>0x200076dc</run_address>
         <size>0x8</size>
         <input_file_ref idref="fl-b"/>
      </object_component>
      <object_component id="oc-d2">
         <name>.common:semS1</name>
         <uninitialized>true</uninitialized>
         <run_address>0x200076f0</run_address>
         <size>0x4</size>
      </object_component>
      <object_component id="oc-d5">
         <name>.common:semS2</name>
         <uninitialized>true</uninitialized>
         <run_address>0x200076f4</run_address>
         <size>0x4</size>
      </object_component>
      <object_component id="oc-d6">
         <name>.common:semS3</name>
         <uninitialized>true</uninitialized>
         <run_address>0x200076f8</run_address>
         <size>0x4</size>
      </object_component>
      <object_component id="oc-d7">
         <name>.common:semS4</name>
         <uninitialized>true</uninitialized>
         <run_address>0x200076fc</run_address>
         <size>0x4</size>
      </object_component>
      <object_component id="oc-d8">
         <name>.common:semS5</name>
         <uninitialized>true</uninitialized>
         <run_address>0x20007700</run_address>
         <size>0x4</size>
      </object_component>
      <object_component id="oc-d9">
         <name>.common:semS6</name>
         <uninitialized>true</uninitialized>
         <run_address>0x20007704</run_address>
         <size>0x4</size>
      </object_component>
      <object_component id="oc-da">
         <name>.common:semS7</name>
         <uninitialized>true</uninitialized>
         <run_address>0x20007708</run_address>
         <size>0x4</size>
      </object_component>
      <object_component id="oc-208">
         <name>.common:g_pUARTSemaphore</name>
         <uninitialized>true</uninitialized>
         <run_address>0x200076ec</run_address>
         <size>0x4</size>
      </object_component>
      <object_component id="oc-21">
         <name>.stack</name>
         <uninitialized>true</uninitialized>
         <run_address>0x20007710</run_address>
         <size>0x4</size>
         <input_file_ref idref="fl-cf"/>
      </object_component>
      <object_component id="oc-493">
         <name>.stack</name>
         <uninitialized>true</uninitialized>
         <run_address>0x20007710</run_address>
         <size>0x0</size>
      </object_component>
      <object_component id="oc-d3">
         <name>.debug_info</name>
         <load_address>0x0</load_address>
         <run_address>0x0</run_address>
         <size>0x893</size>
         <input_file_ref idref="fl-2"/>
      </object_component>
      <object_component id="oc-d0">
         <name>.debug_info</name>
         <load_address>0x893</load_address>
         <run_address>0x893</run_address>
         <size>0x1a3</size>
         <input_file_ref idref="fl-2"/>
      </object_component>
      <object_component id="oc-128">
         <name>.debug_info</name>
         <load_address>0xa36</load_address>
         <run_address>0xa36</run_address>
         <size>0x160</size>
         <input_file_ref idref="fl-2"/>
      </object_component>
      <object_component id="oc-22e">
         <name>.debug_info</name>
         <load_address>0xb96</load_address>
         <run_address>0xb96</run_address>
         <size>0x239</size>
         <input_file_ref idref="fl-2"/>
      </object_component>
      <object_component id="oc-228">
         <name>.debug_info</name>
         <load_address>0xdcf</load_address>
         <run_address>0xdcf</run_address>
         <size>0x228</size>
         <input_file_ref idref="fl-2"/>
      </object_component>
      <object_component id="oc-222">
         <name>.debug_info</name>
         <load_address>0xff7</load_address>
         <run_address>0xff7</run_address>
         <size>0x228</size>
         <input_file_ref idref="fl-2"/>
      </object_component>
      <object_component id="oc-21c">
         <name>.debug_info</name>
         <load_address>0x121f</load_address>
         <run_address>0x121f</run_address>
         <size>0x228</size>
         <input_file_ref idref="fl-2"/>
      </object_component>
      <object_component id="oc-216">
         <name>.debug_info</name>
         <load_address>0x1447</load_address>
         <run_address>0x1447</run_address>
         <size>0x228</size>
         <input_file_ref idref="fl-2"/>
      </object_component>
      <object_component id="oc-210">
         <name>.debug_info</name>
         <load_address>0x166f</load_address>
         <run_address>0x166f</run_address>
         <size>0x228</size>
         <input_file_ref idref="fl-2"/>
      </object_component>
      <object_component id="oc-20a">
         <name>.debug_info</name>
         <load_address>0x1897</load_address>
         <run_address>0x1897</run_address>
         <size>0x228</size>
         <input_file_ref idref="fl-2"/>
      </object_component>
      <object_component id="oc-1e5">
         <name>.debug_info</name>
         <load_address>0x1abf</load_address>
         <run_address>0x1abf</run_address>
         <size>0x166</size>
         <input_file_ref idref="fl-2"/>
      </object_component>
      <object_component id="oc-1fd">
         <name>.debug_info</name>
         <load_address>0x1c25</load_address>
         <run_address>0x1c25</run_address>
         <size>0x1ff</size>
         <input_file_ref idref="fl-2"/>
      </object_component>
      <object_component id="oc-10b">
         <name>.debug_info</name>
         <load_address>0x1e24</load_address>
         <run_address>0x1e24</run_address>
         <size>0x2fd</size>
         <input_file_ref idref="fl-2"/>
      </object_component>
      <object_component id="oc-4e">
         <name>.debug_info</name>
         <load_address>0x2121</load_address>
         <run_address>0x2121</run_address>
         <size>0x125</size>
         <input_file_ref idref="fl-2"/>
      </object_component>
      <object_component id="oc-48">
         <name>.debug_info</name>
         <load_address>0x2246</load_address>
         <run_address>0x2246</run_address>
         <size>0x24d</size>
         <input_file_ref idref="fl-2"/>
      </object_component>
      <object_component id="oc-1a6">
         <name>.debug_info</name>
         <load_address>0x2493</load_address>
         <run_address>0x2493</run_address>
         <size>0x2ef</size>
         <input_file_ref idref="fl-2"/>
      </object_component>
      <object_component id="oc-df">
         <name>.debug_info</name>
         <load_address>0x2782</load_address>
         <run_address>0x2782</run_address>
         <size>0x26b</size>
         <input_file_ref idref="fl-2"/>
      </object_component>
      <object_component id="oc-1af">
         <name>.debug_info</name>
         <load_address>0x29ed</load_address>
         <run_address>0x29ed</run_address>
         <size>0x8b</size>
         <input_file_ref idref="fl-2"/>
      </object_component>
      <object_component id="oc-19f">
         <name>.debug_info</name>
         <load_address>0x2a78</load_address>
         <run_address>0x2a78</run_address>
         <size>0x46</size>
         <input_file_ref idref="fl-2"/>
      </object_component>
      <object_component id="oc-1c5">
         <name>.debug_info</name>
         <load_address>0x2abe</load_address>
         <run_address>0x2abe</run_address>
         <size>0x2c</size>
         <input_file_ref idref="fl-2"/>
      </object_component>
      <object_component id="oc-1b6">
         <name>.debug_info</name>
         <load_address>0x2aea</load_address>
         <run_address>0x2aea</run_address>
         <size>0x46</size>
         <input_file_ref idref="fl-2"/>
      </object_component>
      <object_component id="oc-1ca">
         <name>.debug_info</name>
         <load_address>0x2b30</load_address>
         <run_address>0x2b30</run_address>
         <size>0x2c</size>
         <input_file_ref idref="fl-2"/>
      </object_component>
      <object_component id="oc-1cf">
         <name>.debug_info</name>
         <load_address>0x2b5c</load_address>
         <run_address>0x2b5c</run_address>
         <size>0x297</size>
         <input_file_ref idref="fl-2"/>
      </object_component>
      <object_component id="oc-e4">
         <name>.debug_info</name>
         <load_address>0x2df3</load_address>
         <run_address>0x2df3</run_address>
         <size>0xbb</size>
         <input_file_ref idref="fl-2"/>
      </object_component>
      <object_component id="oc-11f">
         <name>.debug_info</name>
         <load_address>0x2eae</load_address>
         <run_address>0x2eae</run_address>
         <size>0x53</size>
         <input_file_ref idref="fl-2"/>
      </object_component>
      <object_component id="oc-157">
         <name>.debug_info</name>
         <load_address>0x2f01</load_address>
         <run_address>0x2f01</run_address>
         <size>0x2c</size>
         <input_file_ref idref="fl-2"/>
      </object_component>
      <object_component id="oc-1bb">
         <name>.debug_info</name>
         <load_address>0x2f2d</load_address>
         <run_address>0x2f2d</run_address>
         <size>0x35</size>
         <input_file_ref idref="fl-2"/>
      </object_component>
      <object_component id="oc-1c0">
         <name>.debug_info</name>
         <load_address>0x2f62</load_address>
         <run_address>0x2f62</run_address>
         <size>0x14c</size>
         <input_file_ref idref="fl-2"/>
      </object_component>
      <object_component id="oc-55">
         <name>.debug_info</name>
         <load_address>0x30ae</load_address>
         <run_address>0x30ae</run_address>
         <size>0x35d</size>
         <input_file_ref idref="fl-3"/>
      </object_component>
      <object_component id="oc-10">
         <name>.debug_info</name>
         <load_address>0x340b</load_address>
         <run_address>0x340b</run_address>
         <size>0xd4</size>
         <input_file_ref idref="fl-3"/>
      </object_component>
      <object_component id="oc-25">
         <name>.debug_info</name>
         <load_address>0x34df</load_address>
         <run_address>0x34df</run_address>
         <size>0x104</size>
         <input_file_ref idref="fl-3"/>
      </object_component>
      <object_component id="oc-2b">
         <name>.debug_info</name>
         <load_address>0x35e3</load_address>
         <run_address>0x35e3</run_address>
         <size>0xf5</size>
         <input_file_ref idref="fl-3"/>
      </object_component>
      <object_component id="oc-37">
         <name>.debug_info</name>
         <load_address>0x36d8</load_address>
         <run_address>0x36d8</run_address>
         <size>0x10d</size>
         <input_file_ref idref="fl-3"/>
      </object_component>
      <object_component id="oc-33">
         <name>.debug_info</name>
         <load_address>0x37e5</load_address>
         <run_address>0x37e5</run_address>
         <size>0xfb</size>
         <input_file_ref idref="fl-3"/>
      </object_component>
      <object_component id="oc-5c">
         <name>.debug_info</name>
         <load_address>0x38e0</load_address>
         <run_address>0x38e0</run_address>
         <size>0x84</size>
         <input_file_ref idref="fl-3"/>
      </object_component>
      <object_component id="oc-285">
         <name>.debug_info</name>
         <load_address>0x3964</load_address>
         <run_address>0x3964</run_address>
         <size>0x2f2</size>
         <input_file_ref idref="fl-6"/>
      </object_component>
      <object_component id="oc-13f">
         <name>.debug_info</name>
         <load_address>0x3c56</load_address>
         <run_address>0x3c56</run_address>
         <size>0x233</size>
         <input_file_ref idref="fl-6"/>
      </object_component>
      <object_component id="oc-2ae">
         <name>.debug_info</name>
         <load_address>0x3e89</load_address>
         <run_address>0x3e89</run_address>
         <size>0x25e</size>
         <input_file_ref idref="fl-6"/>
      </object_component>
      <object_component id="oc-3a8">
         <name>.debug_info</name>
         <load_address>0x40e7</load_address>
         <run_address>0x40e7</run_address>
         <size>0x1e0</size>
         <input_file_ref idref="fl-6"/>
      </object_component>
      <object_component id="oc-2e1">
         <name>.debug_info</name>
         <load_address>0x42c7</load_address>
         <run_address>0x42c7</run_address>
         <size>0x1d8</size>
         <input_file_ref idref="fl-6"/>
      </object_component>
      <object_component id="oc-138">
         <name>.debug_info</name>
         <load_address>0x449f</load_address>
         <run_address>0x449f</run_address>
         <size>0x20b</size>
         <input_file_ref idref="fl-6"/>
      </object_component>
      <object_component id="oc-279">
         <name>.debug_info</name>
         <load_address>0x46aa</load_address>
         <run_address>0x46aa</run_address>
         <size>0x110</size>
         <input_file_ref idref="fl-6"/>
      </object_component>
      <object_component id="oc-1a4">
         <name>.debug_info</name>
         <load_address>0x47ba</load_address>
         <run_address>0x47ba</run_address>
         <size>0x783</size>
         <input_file_ref idref="fl-7"/>
      </object_component>
      <object_component id="oc-17b">
         <name>.debug_info</name>
         <load_address>0x4f3d</load_address>
         <run_address>0x4f3d</run_address>
         <size>0x2ad</size>
         <input_file_ref idref="fl-7"/>
      </object_component>
      <object_component id="oc-3e0">
         <name>.debug_info</name>
         <load_address>0x51ea</load_address>
         <run_address>0x51ea</run_address>
         <size>0x22d</size>
         <input_file_ref idref="fl-7"/>
      </object_component>
      <object_component id="oc-3ec">
         <name>.debug_info</name>
         <load_address>0x5417</load_address>
         <run_address>0x5417</run_address>
         <size>0x22a</size>
         <input_file_ref idref="fl-7"/>
      </object_component>
      <object_component id="oc-33f">
         <name>.debug_info</name>
         <load_address>0x5641</load_address>
         <run_address>0x5641</run_address>
         <size>0x556</size>
         <input_file_ref idref="fl-7"/>
      </object_component>
      <object_component id="oc-188">
         <name>.debug_info</name>
         <load_address>0x5b97</load_address>
         <run_address>0x5b97</run_address>
         <size>0x22b</size>
         <input_file_ref idref="fl-7"/>
      </object_component>
      <object_component id="oc-194">
         <name>.debug_info</name>
         <load_address>0x5dc2</load_address>
         <run_address>0x5dc2</run_address>
         <size>0x293</size>
         <input_file_ref idref="fl-7"/>
      </object_component>
      <object_component id="oc-bf">
         <name>.debug_info</name>
         <load_address>0x6055</load_address>
         <run_address>0x6055</run_address>
         <size>0x4c6</size>
         <input_file_ref idref="fl-7"/>
      </object_component>
      <object_component id="oc-2e8">
         <name>.debug_info</name>
         <load_address>0x651b</load_address>
         <run_address>0x651b</run_address>
         <size>0x2b1</size>
         <input_file_ref idref="fl-7"/>
      </object_component>
      <object_component id="oc-1f2">
         <name>.debug_info</name>
         <load_address>0x67cc</load_address>
         <run_address>0x67cc</run_address>
         <size>0x30f</size>
         <input_file_ref idref="fl-7"/>
      </object_component>
      <object_component id="oc-1ec">
         <name>.debug_info</name>
         <load_address>0x6adb</load_address>
         <run_address>0x6adb</run_address>
         <size>0x26e</size>
         <input_file_ref idref="fl-7"/>
      </object_component>
      <object_component id="oc-2c7">
         <name>.debug_info</name>
         <load_address>0x6d49</load_address>
         <run_address>0x6d49</run_address>
         <size>0x1cd</size>
         <input_file_ref idref="fl-7"/>
      </object_component>
      <object_component id="oc-11e">
         <name>.debug_info</name>
         <load_address>0x6f16</load_address>
         <run_address>0x6f16</run_address>
         <size>0x76a</size>
         <input_file_ref idref="fl-8"/>
      </object_component>
      <object_component id="oc-98">
         <name>.debug_info</name>
         <load_address>0x7680</load_address>
         <run_address>0x7680</run_address>
         <size>0x316</size>
         <input_file_ref idref="fl-8"/>
      </object_component>
      <object_component id="oc-12e">
         <name>.debug_info</name>
         <load_address>0x7996</load_address>
         <run_address>0x7996</run_address>
         <size>0x112</size>
         <input_file_ref idref="fl-8"/>
      </object_component>
      <object_component id="oc-3b6">
         <name>.debug_info</name>
         <load_address>0x7aa8</load_address>
         <run_address>0x7aa8</run_address>
         <size>0x112</size>
         <input_file_ref idref="fl-8"/>
      </object_component>
      <object_component id="oc-3b9">
         <name>.debug_info</name>
         <load_address>0x7bba</load_address>
         <run_address>0x7bba</run_address>
         <size>0x112</size>
         <input_file_ref idref="fl-8"/>
      </object_component>
      <object_component id="oc-144">
         <name>.debug_info</name>
         <load_address>0x7ccc</load_address>
         <run_address>0x7ccc</run_address>
         <size>0x154</size>
         <input_file_ref idref="fl-8"/>
      </object_component>
      <object_component id="oc-2a9">
         <name>.debug_info</name>
         <load_address>0x7e20</load_address>
         <run_address>0x7e20</run_address>
         <size>0x112</size>
         <input_file_ref idref="fl-8"/>
      </object_component>
      <object_component id="oc-3bc">
         <name>.debug_info</name>
         <load_address>0x7f32</load_address>
         <run_address>0x7f32</run_address>
         <size>0x120</size>
         <input_file_ref idref="fl-8"/>
      </object_component>
      <object_component id="oc-2ba">
         <name>.debug_info</name>
         <load_address>0x8052</load_address>
         <run_address>0x8052</run_address>
         <size>0x114</size>
         <input_file_ref idref="fl-8"/>
      </object_component>
      <object_component id="oc-132">
         <name>.debug_info</name>
         <load_address>0x8166</load_address>
         <run_address>0x8166</run_address>
         <size>0x1de</size>
         <input_file_ref idref="fl-8"/>
      </object_component>
      <object_component id="oc-a5">
         <name>.debug_info</name>
         <load_address>0x8344</load_address>
         <run_address>0x8344</run_address>
         <size>0x2ae</size>
         <input_file_ref idref="fl-8"/>
      </object_component>
      <object_component id="oc-181">
         <name>.debug_info</name>
         <load_address>0x85f2</load_address>
         <run_address>0x85f2</run_address>
         <size>0x276</size>
         <input_file_ref idref="fl-8"/>
      </object_component>
      <object_component id="oc-199">
         <name>.debug_info</name>
         <load_address>0x8868</load_address>
         <run_address>0x8868</run_address>
         <size>0x27f</size>
         <input_file_ref idref="fl-8"/>
      </object_component>
      <object_component id="oc-2be">
         <name>.debug_info</name>
         <load_address>0x8ae7</load_address>
         <run_address>0x8ae7</run_address>
         <size>0x260</size>
         <input_file_ref idref="fl-8"/>
      </object_component>
      <object_component id="oc-2b4">
         <name>.debug_info</name>
         <load_address>0x8d47</load_address>
         <run_address>0x8d47</run_address>
         <size>0x239</size>
         <input_file_ref idref="fl-8"/>
      </object_component>
      <object_component id="oc-2ee">
         <name>.debug_info</name>
         <load_address>0x8f80</load_address>
         <run_address>0x8f80</run_address>
         <size>0x2c4</size>
         <input_file_ref idref="fl-8"/>
      </object_component>
      <object_component id="oc-2f4">
         <name>.debug_info</name>
         <load_address>0x9244</load_address>
         <run_address>0x9244</run_address>
         <size>0x2c0</size>
         <input_file_ref idref="fl-8"/>
      </object_component>
      <object_component id="oc-300">
         <name>.debug_info</name>
         <load_address>0x9504</load_address>
         <run_address>0x9504</run_address>
         <size>0x245</size>
         <input_file_ref idref="fl-8"/>
      </object_component>
      <object_component id="oc-1f7">
         <name>.debug_info</name>
         <load_address>0x9749</load_address>
         <run_address>0x9749</run_address>
         <size>0x47b</size>
         <input_file_ref idref="fl-8"/>
      </object_component>
      <object_component id="oc-15d">
         <name>.debug_info</name>
         <load_address>0x9bc4</load_address>
         <run_address>0x9bc4</run_address>
         <size>0x1f4</size>
         <input_file_ref idref="fl-8"/>
      </object_component>
      <object_component id="oc-175">
         <name>.debug_info</name>
         <load_address>0x9db8</load_address>
         <run_address>0x9db8</run_address>
         <size>0x2c8</size>
         <input_file_ref idref="fl-8"/>
      </object_component>
      <object_component id="oc-9e">
         <name>.debug_info</name>
         <load_address>0xa080</load_address>
         <run_address>0xa080</run_address>
         <size>0x23f</size>
         <input_file_ref idref="fl-8"/>
      </object_component>
      <object_component id="oc-169">
         <name>.debug_info</name>
         <load_address>0xa2bf</load_address>
         <run_address>0xa2bf</run_address>
         <size>0x1b4</size>
         <input_file_ref idref="fl-8"/>
      </object_component>
      <object_component id="oc-203">
         <name>.debug_info</name>
         <load_address>0xa473</load_address>
         <run_address>0xa473</run_address>
         <size>0x1ef</size>
         <input_file_ref idref="fl-8"/>
      </object_component>
      <object_component id="oc-3e6">
         <name>.debug_info</name>
         <load_address>0xa662</load_address>
         <run_address>0xa662</run_address>
         <size>0x245</size>
         <input_file_ref idref="fl-8"/>
      </object_component>
      <object_component id="oc-18d">
         <name>.debug_info</name>
         <load_address>0xa8a7</load_address>
         <run_address>0xa8a7</run_address>
         <size>0x2a5</size>
         <input_file_ref idref="fl-8"/>
      </object_component>
      <object_component id="oc-2a2">
         <name>.debug_info</name>
         <load_address>0xab4c</load_address>
         <run_address>0xab4c</run_address>
         <size>0x1b6</size>
         <input_file_ref idref="fl-8"/>
      </object_component>
      <object_component id="oc-3f2">
         <name>.debug_info</name>
         <load_address>0xad02</load_address>
         <run_address>0xad02</run_address>
         <size>0x1d4</size>
         <input_file_ref idref="fl-8"/>
      </object_component>
      <object_component id="oc-44c">
         <name>.debug_info</name>
         <load_address>0xaed6</load_address>
         <run_address>0xaed6</run_address>
         <size>0x1f3</size>
         <input_file_ref idref="fl-8"/>
      </object_component>
      <object_component id="oc-3db">
         <name>.debug_info</name>
         <load_address>0xb0c9</load_address>
         <run_address>0xb0c9</run_address>
         <size>0x289</size>
         <input_file_ref idref="fl-8"/>
      </object_component>
      <object_component id="oc-33a">
         <name>.debug_info</name>
         <load_address>0xb352</load_address>
         <run_address>0xb352</run_address>
         <size>0x1ec</size>
         <input_file_ref idref="fl-8"/>
      </object_component>
      <object_component id="oc-274">
         <name>.debug_info</name>
         <load_address>0xb53e</load_address>
         <run_address>0xb53e</run_address>
         <size>0x169</size>
         <input_file_ref idref="fl-8"/>
      </object_component>
      <object_component id="oc-126">
         <name>.debug_info</name>
         <load_address>0xb6a7</load_address>
         <run_address>0xb6a7</run_address>
         <size>0x3d2</size>
         <input_file_ref idref="fl-9"/>
      </object_component>
      <object_component id="oc-9b">
         <name>.debug_info</name>
         <load_address>0xba79</load_address>
         <run_address>0xba79</run_address>
         <size>0x140</size>
         <input_file_ref idref="fl-9"/>
      </object_component>
      <object_component id="oc-29b">
         <name>.debug_info</name>
         <load_address>0xbbb9</load_address>
         <run_address>0xbbb9</run_address>
         <size>0x127</size>
         <input_file_ref idref="fl-9"/>
      </object_component>
      <object_component id="oc-42">
         <name>.debug_info</name>
         <load_address>0xbce0</load_address>
         <run_address>0xbce0</run_address>
         <size>0x214</size>
         <input_file_ref idref="fl-9"/>
      </object_component>
      <object_component id="oc-3d3">
         <name>.debug_info</name>
         <load_address>0xbef4</load_address>
         <run_address>0xbef4</run_address>
         <size>0x205</size>
         <input_file_ref idref="fl-9"/>
      </object_component>
      <object_component id="oc-332">
         <name>.debug_info</name>
         <load_address>0xc0f9</load_address>
         <run_address>0xc0f9</run_address>
         <size>0x24d</size>
         <input_file_ref idref="fl-9"/>
      </object_component>
      <object_component id="oc-163">
         <name>.debug_info</name>
         <load_address>0xc346</load_address>
         <run_address>0xc346</run_address>
         <size>0x1f7</size>
         <input_file_ref idref="fl-9"/>
      </object_component>
      <object_component id="oc-16f">
         <name>.debug_info</name>
         <load_address>0xc53d</load_address>
         <run_address>0xc53d</run_address>
         <size>0x1f9</size>
         <input_file_ref idref="fl-9"/>
      </object_component>
      <object_component id="oc-2fb">
         <name>.debug_info</name>
         <load_address>0xc736</load_address>
         <run_address>0xc736</run_address>
         <size>0x2ae</size>
         <input_file_ref idref="fl-9"/>
      </object_component>
      <object_component id="oc-3b0">
         <name>.debug_info</name>
         <load_address>0xc9e4</load_address>
         <run_address>0xc9e4</run_address>
         <size>0x1e7</size>
         <input_file_ref idref="fl-9"/>
      </object_component>
      <object_component id="oc-3e">
         <name>.debug_info</name>
         <load_address>0xcbcb</load_address>
         <run_address>0xcbcb</run_address>
         <size>0x278</size>
         <input_file_ref idref="fl-a"/>
      </object_component>
      <object_component id="oc-39d">
         <name>.debug_info</name>
         <load_address>0xce43</load_address>
         <run_address>0xce43</run_address>
         <size>0x39b</size>
         <input_file_ref idref="fl-b"/>
      </object_component>
      <object_component id="oc-425">
         <name>.debug_info</name>
         <load_address>0xd1de</load_address>
         <run_address>0xd1de</run_address>
         <size>0x10e</size>
         <input_file_ref idref="fl-b"/>
      </object_component>
      <object_component id="oc-397">
         <name>.debug_info</name>
         <load_address>0xd2ec</load_address>
         <run_address>0xd2ec</run_address>
         <size>0x10e</size>
         <input_file_ref idref="fl-b"/>
      </object_component>
      <object_component id="oc-39a">
         <name>.debug_info</name>
         <load_address>0xd3fa</load_address>
         <run_address>0xd3fa</run_address>
         <size>0x10a</size>
         <input_file_ref idref="fl-b"/>
      </object_component>
      <object_component id="oc-394">
         <name>.debug_info</name>
         <load_address>0xd504</load_address>
         <run_address>0xd504</run_address>
         <size>0x128</size>
         <input_file_ref idref="fl-b"/>
      </object_component>
      <object_component id="oc-3a2">
         <name>.debug_info</name>
         <load_address>0xd62c</load_address>
         <run_address>0xd62c</run_address>
         <size>0x270</size>
         <input_file_ref idref="fl-b"/>
      </object_component>
      <object_component id="oc-38f">
         <name>.debug_info</name>
         <load_address>0xd89c</load_address>
         <run_address>0xd89c</run_address>
         <size>0x1e1</size>
         <input_file_ref idref="fl-b"/>
      </object_component>
      <object_component id="oc-2db">
         <name>.debug_info</name>
         <load_address>0xda7d</load_address>
         <run_address>0xda7d</run_address>
         <size>0x353</size>
         <input_file_ref idref="fl-b"/>
      </object_component>
      <object_component id="oc-42c">
         <name>.debug_info</name>
         <load_address>0xddd0</load_address>
         <run_address>0xddd0</run_address>
         <size>0x62</size>
         <input_file_ref idref="fl-b"/>
      </object_component>
      <object_component id="oc-156">
         <name>.debug_info</name>
         <load_address>0xde32</load_address>
         <run_address>0xde32</run_address>
         <size>0x2b1</size>
         <input_file_ref idref="fl-c"/>
      </object_component>
      <object_component id="oc-36e">
         <name>.debug_info</name>
         <load_address>0xe0e3</load_address>
         <run_address>0xe0e3</run_address>
         <size>0xf2</size>
         <input_file_ref idref="fl-c"/>
      </object_component>
      <object_component id="oc-38a">
         <name>.debug_info</name>
         <load_address>0xe1d5</load_address>
         <run_address>0xe1d5</run_address>
         <size>0xfa</size>
         <input_file_ref idref="fl-c"/>
      </object_component>
      <object_component id="oc-387">
         <name>.debug_info</name>
         <load_address>0xe2cf</load_address>
         <run_address>0xe2cf</run_address>
         <size>0xfe</size>
         <input_file_ref idref="fl-c"/>
      </object_component>
      <object_component id="oc-28c">
         <name>.debug_info</name>
         <load_address>0xe3cd</load_address>
         <run_address>0xe3cd</run_address>
         <size>0x1e9</size>
         <input_file_ref idref="fl-c"/>
      </object_component>
      <object_component id="oc-150">
         <name>.debug_info</name>
         <load_address>0xe5b6</load_address>
         <run_address>0xe5b6</run_address>
         <size>0x31b</size>
         <input_file_ref idref="fl-c"/>
      </object_component>
      <object_component id="oc-b9">
         <name>.debug_info</name>
         <load_address>0xe8d1</load_address>
         <run_address>0xe8d1</run_address>
         <size>0x1b6</size>
         <input_file_ref idref="fl-c"/>
      </object_component>
      <object_component id="oc-370">
         <name>.debug_info</name>
         <load_address>0xea87</load_address>
         <run_address>0xea87</run_address>
         <size>0x234</size>
         <input_file_ref idref="fl-c"/>
      </object_component>
      <object_component id="oc-2d3">
         <name>.debug_info</name>
         <load_address>0xecbb</load_address>
         <run_address>0xecbb</run_address>
         <size>0x24c</size>
         <input_file_ref idref="fl-c"/>
      </object_component>
      <object_component id="oc-294">
         <name>.debug_info</name>
         <load_address>0xef07</load_address>
         <run_address>0xef07</run_address>
         <size>0x145</size>
         <input_file_ref idref="fl-c8"/>
      </object_component>
      <object_component id="oc-64">
         <name>.debug_info</name>
         <load_address>0xf04c</load_address>
         <run_address>0xf04c</run_address>
         <size>0x11c</size>
         <input_file_ref idref="fl-ca"/>
      </object_component>
      <object_component id="oc-100">
         <name>.debug_info</name>
         <load_address>0xf168</load_address>
         <run_address>0xf168</run_address>
         <size>0x14a</size>
         <input_file_ref idref="fl-cb"/>
      </object_component>
      <object_component id="oc-fd">
         <name>.debug_info</name>
         <load_address>0xf2b2</load_address>
         <run_address>0xf2b2</run_address>
         <size>0x31e</size>
         <input_file_ref idref="fl-cc"/>
      </object_component>
      <object_component id="oc-74">
         <name>.debug_info</name>
         <load_address>0xf5d0</load_address>
         <run_address>0xf5d0</run_address>
         <size>0x1b5</size>
         <input_file_ref idref="fl-cc"/>
      </object_component>
      <object_component id="oc-f8">
         <name>.debug_info</name>
         <load_address>0xf785</load_address>
         <run_address>0xf785</run_address>
         <size>0x46</size>
         <input_file_ref idref="fl-cc"/>
      </object_component>
      <object_component id="oc-1db">
         <name>.debug_info</name>
         <load_address>0xf7cb</load_address>
         <run_address>0xf7cb</run_address>
         <size>0x2c</size>
         <input_file_ref idref="fl-cc"/>
      </object_component>
      <object_component id="oc-6c">
         <name>.debug_info</name>
         <load_address>0xf7f7</load_address>
         <run_address>0xf7f7</run_address>
         <size>0x2a8</size>
         <input_file_ref idref="fl-cd"/>
      </object_component>
      <object_component id="oc-19">
         <name>.debug_info</name>
         <load_address>0xfa9f</load_address>
         <run_address>0xfa9f</run_address>
         <size>0x1ea</size>
         <input_file_ref idref="fl-cd"/>
      </object_component>
      <object_component id="oc-67">
         <name>.debug_info</name>
         <load_address>0xfc89</load_address>
         <run_address>0xfc89</run_address>
         <size>0x46</size>
         <input_file_ref idref="fl-cd"/>
      </object_component>
      <object_component id="oc-f0">
         <name>.debug_info</name>
         <load_address>0xfccf</load_address>
         <run_address>0xfccf</run_address>
         <size>0x2c</size>
         <input_file_ref idref="fl-cd"/>
      </object_component>
      <object_component id="oc-ee">
         <name>.debug_info</name>
         <load_address>0xfcfb</load_address>
         <run_address>0xfcfb</run_address>
         <size>0x29e</size>
         <input_file_ref idref="fl-ce"/>
      </object_component>
      <object_component id="oc-15">
         <name>.debug_info</name>
         <load_address>0xff99</load_address>
         <run_address>0xff99</run_address>
         <size>0x250</size>
         <input_file_ref idref="fl-ce"/>
      </object_component>
      <object_component id="oc-57">
         <name>.debug_info</name>
         <load_address>0x101e9</load_address>
         <run_address>0x101e9</run_address>
         <size>0x60</size>
         <input_file_ref idref="fl-ce"/>
      </object_component>
      <object_component id="oc-1d4">
         <name>.debug_info</name>
         <load_address>0x10249</load_address>
         <run_address>0x10249</run_address>
         <size>0x46</size>
         <input_file_ref idref="fl-ce"/>
      </object_component>
      <object_component id="oc-e9">
         <name>.debug_info</name>
         <load_address>0x1028f</load_address>
         <run_address>0x1028f</run_address>
         <size>0x39</size>
         <input_file_ref idref="fl-ce"/>
      </object_component>
      <object_component id="oc-22">
         <name>.debug_info</name>
         <load_address>0x102c8</load_address>
         <run_address>0x102c8</run_address>
         <size>0x10b</size>
         <input_file_ref idref="fl-cf"/>
      </object_component>
      <object_component id="oc-80">
         <name>.debug_info</name>
         <load_address>0x103d3</load_address>
         <run_address>0x103d3</run_address>
         <size>0x1af</size>
         <input_file_ref idref="fl-cf"/>
      </object_component>
      <object_component id="oc-235">
         <name>.debug_info</name>
         <load_address>0x10582</load_address>
         <run_address>0x10582</run_address>
         <size>0x122</size>
         <input_file_ref idref="fl-d0"/>
      </object_component>
      <object_component id="oc-377">
         <name>.debug_info</name>
         <load_address>0x106a4</load_address>
         <run_address>0x106a4</run_address>
         <size>0x118</size>
         <input_file_ref idref="fl-d3"/>
      </object_component>
      <object_component id="oc-356">
         <name>.debug_info</name>
         <load_address>0x107bc</load_address>
         <run_address>0x107bc</run_address>
         <size>0x552</size>
         <input_file_ref idref="fl-d4"/>
      </object_component>
      <object_component id="oc-242">
         <name>.debug_info</name>
         <load_address>0x10d0e</load_address>
         <run_address>0x10d0e</run_address>
         <size>0x1a6</size>
         <input_file_ref idref="fl-d4"/>
      </object_component>
      <object_component id="oc-408">
         <name>.debug_info</name>
         <load_address>0x10eb4</load_address>
         <run_address>0x10eb4</run_address>
         <size>0x39</size>
         <input_file_ref idref="fl-d4"/>
      </object_component>
      <object_component id="oc-459">
         <name>.debug_info</name>
         <load_address>0x10eed</load_address>
         <run_address>0x10eed</run_address>
         <size>0x39</size>
         <input_file_ref idref="fl-d4"/>
      </object_component>
      <object_component id="oc-40d">
         <name>.debug_info</name>
         <load_address>0x10f26</load_address>
         <run_address>0x10f26</run_address>
         <size>0x39</size>
         <input_file_ref idref="fl-d4"/>
      </object_component>
      <object_component id="oc-412">
         <name>.debug_info</name>
         <load_address>0x10f5f</load_address>
         <run_address>0x10f5f</run_address>
         <size>0xcd</size>
         <input_file_ref idref="fl-d4"/>
      </object_component>
      <object_component id="oc-105">
         <name>.debug_info</name>
         <load_address>0x1102c</load_address>
         <run_address>0x1102c</run_address>
         <size>0x153</size>
         <input_file_ref idref="fl-d5"/>
      </object_component>
      <object_component id="oc-3ce">
         <name>.debug_info</name>
         <load_address>0x1117f</load_address>
         <run_address>0x1117f</run_address>
         <size>0x20e</size>
         <input_file_ref idref="fl-d7"/>
      </object_component>
      <object_component id="oc-3cb">
         <name>.debug_info</name>
         <load_address>0x1138d</load_address>
         <run_address>0x1138d</run_address>
         <size>0x210</size>
         <input_file_ref idref="fl-d7"/>
      </object_component>
      <object_component id="oc-30d">
         <name>.debug_info</name>
         <load_address>0x1159d</load_address>
         <run_address>0x1159d</run_address>
         <size>0x23e</size>
         <input_file_ref idref="fl-d7"/>
      </object_component>
      <object_component id="oc-31f">
         <name>.debug_info</name>
         <load_address>0x117db</load_address>
         <run_address>0x117db</run_address>
         <size>0x268</size>
         <input_file_ref idref="fl-d7"/>
      </object_component>
      <object_component id="oc-148">
         <name>.debug_info</name>
         <load_address>0x11a43</load_address>
         <run_address>0x11a43</run_address>
         <size>0x18b</size>
         <input_file_ref idref="fl-d7"/>
      </object_component>
      <object_component id="oc-3c0">
         <name>.debug_info</name>
         <load_address>0x11bce</load_address>
         <run_address>0x11bce</run_address>
         <size>0x298</size>
         <input_file_ref idref="fl-d8"/>
      </object_component>
      <object_component id="oc-307">
         <name>.debug_info</name>
         <load_address>0x11e66</load_address>
         <run_address>0x11e66</run_address>
         <size>0x27d</size>
         <input_file_ref idref="fl-d8"/>
      </object_component>
      <object_component id="oc-440">
         <name>.debug_info</name>
         <load_address>0x120e3</load_address>
         <run_address>0x120e3</run_address>
         <size>0x5f</size>
         <input_file_ref idref="fl-d8"/>
      </object_component>
      <object_component id="oc-14d">
         <name>.debug_info</name>
         <load_address>0x12142</load_address>
         <run_address>0x12142</run_address>
         <size>0x223</size>
         <input_file_ref idref="fl-d9"/>
      </object_component>
      <object_component id="oc-b2">
         <name>.debug_info</name>
         <load_address>0x12365</load_address>
         <run_address>0x12365</run_address>
         <size>0x28a</size>
         <input_file_ref idref="fl-d9"/>
      </object_component>
      <object_component id="oc-319">
         <name>.debug_info</name>
         <load_address>0x125ef</load_address>
         <run_address>0x125ef</run_address>
         <size>0x2ba</size>
         <input_file_ref idref="fl-d9"/>
      </object_component>
      <object_component id="oc-325">
         <name>.debug_info</name>
         <load_address>0x128a9</load_address>
         <run_address>0x128a9</run_address>
         <size>0x294</size>
         <input_file_ref idref="fl-d9"/>
      </object_component>
      <object_component id="oc-c4">
         <name>.debug_info</name>
         <load_address>0x12b3d</load_address>
         <run_address>0x12b3d</run_address>
         <size>0x296</size>
         <input_file_ref idref="fl-d9"/>
      </object_component>
      <object_component id="oc-ac">
         <name>.debug_info</name>
         <load_address>0x12dd3</load_address>
         <run_address>0x12dd3</run_address>
         <size>0x292</size>
         <input_file_ref idref="fl-d9"/>
      </object_component>
      <object_component id="oc-32b">
         <name>.debug_info</name>
[...]
            <run_size>0x64</run_size>
            <compression>lzss</compression>
         </cprec>
         <cprec>
            <name>.bss</name>
            <load_address>0x2760</load_address>
            <load_size>0x8</load_size>
            <run_address>0x20000000</run_address>
            <run_size>0x770c</run_size>
            <compression>zero_init</compression>
         </cprec>
      </cptbl>
   </cptbl_list>
   <handler_table>
      <handler_table_name>__TI_handler_table</handler_table_name>
      <handler>
         <index>0x0</index>
         <name>__TI_decompress_lzss</name>
      </handler>
      <handler>
         <index>0x1</index>
         <name>__TI_decompress_none</name>
      </handler>
      <handler>
         <index>0x2</index>
         <name>__TI_zero_init</name>
      </handler>
   </handler_table>
   <symbol_table>
      <symbol id="sm-1">
         <name>__STACK_TOP</name>
         <value>0x20007910</value>
      </symbol>
      <symbol id="sm-2">
         <name>__TI_CINIT_Base</name>
         <value>0x2768</value>
      </symbol>
      <symbol id="sm-3">
         <name>__TI_CINIT_Limit</name>
         <value>0x2778</value>
      </symbol>
      <symbol id="sm-4">
         <name>__TI_Handler_Table_Base</name>
         <value>0x2750</value>
      </symbol>
      <symbol id="sm-5">
         <name>__TI_Handler_Table_Limit</name>
         <value>0x275c</value>
      </symbol>
      <symbol id="sm-6">
         <name>binit</name>
         <value>0xffffffff</value>
      </symbol>
      <symbol id="sm-7">
         <name>__binit__</name>
         <value>0xffffffff</value>
      </symbol>
      <symbol id="sm-8">
         <name>__STACK_SIZE</name>
         <value>0x200</value>
      </symbol>
      <symbol id="sm-9">
         <name>__STACK_END</name>
         <value>0x20007910</value>
      </symbol>
      <symbol id="sm-a">
         <name>__c_args__</name>
         <value>0xffffffff</value>
      </symbol>
      <symbol id="sm-b">
         <name>__TI_pprof_out_hndl</name>
         <value>0xffffffff</value>
      </symbol>
      <symbol id="sm-c">
         <name>__TI_prof_data_start</name>
         <value>0xffffffff</value>
      </symbol>
      <symbol id="sm-d">
         <name>__TI_prof_data_size</name>
         <value>0xffffffff</value>
      </symbol>
      <symbol id="sm-175">
         <name>semS1</name>
         <value>0x200076f0</value>
      </symbol>
      <symbol id="sm-176">
         <name>semS2</name>
         <value>0x200076f4</value>
      </symbol>
      <symbol id="sm-177">
         <name>semS3</name>
         <value>0x200076f8</value>
      </symbol>
      <symbol id="sm-178">
         <name>semS4</name>
         <value>0x200076fc</value>
      </symbol>
      <symbol id="sm-179">
         <name>semS5</name>
         <value>0x20007700</value>
      </symbol>
      <symbol id="sm-17a">
         <name>semS6</name>
         <value>0x20007704</value>
      </symbol>
      <symbol id="sm-17b">
         <name>semS7</name>
         <value>0x20007708</value>
      </symbol>
      <symbol id="sm-17c">
         <name>g_pUARTSemaphore</name>
         <value>0x200076ec</value>
      </symbol>
      <symbol id="sm-17d">
         <name>Service_1</name>
         <value>0x1025</value>
         <object_component_ref idref="oc-209"/>
      </symbol>
      <symbol id="sm-17e">
         <name>Service_3</name>
         <value>0xee5</value>
         <object_component_ref idref="oc-215"/>
      </symbol>
      <symbol id="sm-17f">
         <name>Service_2</name>
         <value>0x995</value>
         <object_component_ref idref="oc-20f"/>
      </symbol>
      <symbol id="sm-180">
         <name>Service_5</name>
         <value>0xd95</value>
         <object_component_ref idref="oc-221"/>
      </symbol>
      <symbol id="sm-181">
         <name>Service_4</name>
         <value>0xc45</value>
         <object_component_ref idref="oc-21b"/>
      </symbol>
      <symbol id="sm-182">
         <name>Service_7</name>
         <value>0x839</value>
         <object_component_ref idref="oc-22d"/>
      </symbol>
      <symbol id="sm-183">
         <name>Service_6</name>
         <value>0xaed</value>
         <object_component_ref idref="oc-227"/>
      </symbol>
      <symbol id="sm-184">
         <name>vApplicationStackOverflowHook</name>
         <value>0x1e43</value>
         <object_component_ref idref="oc-127"/>
      </symbol>
      <symbol id="sm-185">
         <name>ConfigureTimer</name>
         <value>0x1aed</value>
         <object_component_ref idref="oc-1fc"/>
      </symbol>
      <symbol id="sm-186">
         <name>main</name>
         <value>0x26d</value>
         <object_component_ref idref="oc-10a"/>
      </symbol>
      <symbol id="sm-187">
         <name>Timer1AHandler</name>
         <value>0x264d</value>
         <object_component_ref idref="oc-4d"/>
      </symbol>
      <symbol id="sm-188">
         <name>seqCnt</name>
         <value>0x2000795c</value>
         <object_component_ref idref="oc-cf"/>
      </symbol>
      <symbol id="sm-189">
         <name>ConfigureUART</name>
         <value>0x1d19</value>
         <object_component_ref idref="oc-1e4"/>
      </symbol>
      <symbol id="sm-18a">
         <name>abortS1</name>
         <value>0x20007940</value>
         <object_component_ref idref="oc-cf"/>
      </symbol>
      <symbol id="sm-18b">
         <name>abortS3</name>
         <value>0x20007948</value>
         <object_component_ref idref="oc-cf"/>
      </symbol>
      <symbol id="sm-18c">
         <name>abortS2</name>
         <value>0x20007944</value>
         <object_component_ref idref="oc-cf"/>
      </symbol>
      <symbol id="sm-18d">
         <name>abortS5</name>
         <value>0x20007950</value>
         <object_component_ref idref="oc-cf"/>
      </symbol>
      <symbol id="sm-18e">
         <name>abortS4</name>
         <value>0x2000794c</value>
         <object_component_ref idref="oc-cf"/>
      </symbol>
      <symbol id="sm-18f">
         <name>abortS7</name>
         <value>0x20007958</value>
         <object_component_ref idref="oc-cf"/>
      </symbol>
      <symbol id="sm-190">
         <name>abortS6</name>
         <value>0x20007954</value>
         <object_component_ref idref="oc-cf"/>
      </symbol>
      <symbol id="sm-191">
         <name>Timer0AHandler</name>
         <value>0x679</value>
         <object_component_ref idref="oc-47"/>
      </symbol>
      <symbol id="sm-1c7">
         <name>ResetISR</name>
         <value>0x2695</value>
         <object_component_ref idref="oc-24"/>
      </symbol>
      <symbol id="sm-1c8">
         <name>g_pfnVectors</name>
         <value>0x0</value>
         <object_component_ref idref="oc-f"/>
      </symbol>
      <symbol id="sm-1ff">
         <name>uxListRemove</name>
         <value>0x249f</value>
         <object_component_ref idref="oc-137"/>
      </symbol>
      <symbol id="sm-200">
         <name>vListInsert</name>
         <value>0x2361</value>
         <object_component_ref idref="oc-2ad"/>
      </symbol>
      <symbol id="sm-201">
         <name>vListInitialiseItem</name>
         <value>0x26a1</value>
         <object_component_ref idref="oc-3a7"/>
      </symbol>
      <symbol id="sm-202">
         <name>vListInsertEnd</name>
         <value>0x255d</value>
         <object_component_ref idref="oc-13d"/>
      </symbol>
      <symbol id="sm-203">
         <name>vListInitialise</name>
         <value>0x25a5</value>
         <object_component_ref idref="oc-2df"/>
      </symbol>
      <symbol id="sm-293">
         <name>xQueueGenericCreate</name>
         <value>0x22b1</value>
         <object_component_ref idref="oc-1f0"/>
      </symbol>
      <symbol id="sm-294">
         <name>xQueueCreateMutex</name>
         <value>0x2115</value>
         <object_component_ref idref="oc-1ea"/>
      </symbol>
      <symbol id="sm-295">
         <name>xQueueGenericSend</name>
         <value>0x1471</value>
         <object_component_ref idref="oc-bd"/>
      </symbol>
      <symbol id="sm-296">
         <name>xQueueGenericReset</name>
         <value>0x1975</value>
         <object_component_ref idref="oc-2e6"/>
      </symbol>
      <symbol id="sm-297">
         <name>xQueueGenericReceive</name>
         <value>0x1155</value>
         <object_component_ref idref="oc-33e"/>
      </symbol>
      <symbol id="sm-439">
         <name>vTaskSuspendAll</name>
         <value>0x2615</value>
         <object_component_ref idref="oc-168"/>
      </symbol>
      <symbol id="sm-43a">
         <name>vTaskPriorityInherit</name>
         <value>0x1859</value>
         <object_component_ref idref="oc-3e5"/>
      </symbol>
      <symbol id="sm-43b">
         <name>vTaskPlaceOnEventList</name>
         <value>0x1d7d</value>
         <object_component_ref idref="oc-18c"/>
      </symbol>
      <symbol id="sm-43c">
         <name>xTaskCheckForTimeOut</name>
         <value>0x2075</value>
         <object_component_ref idref="oc-174"/>
      </symbol>
      <symbol id="sm-43d">
         <name>xTaskPriorityDisinherit</name>
         <value>0x1a75</value>
         <object_component_ref idref="oc-2bd"/>
      </symbol>
      <symbol id="sm-43e">
         <name>vTaskStartScheduler</name>
         <value>0x1f65</value>
         <object_component_ref idref="oc-202"/>
      </symbol>
      <symbol id="sm-43f">
         <name>pvTaskIncrementMutexHeldCount</name>
         <value>0x2545</value>
         <object_component_ref idref="oc-3f1"/>
      </symbol>
      <symbol id="sm-440">
         <name>vTaskMissedYield</name>
         <value>0x2665</value>
         <object_component_ref idref="oc-2a1"/>
      </symbol>
      <symbol id="sm-441">
         <name>xTaskResumeAll</name>
         <value>0x1559</value>
         <object_component_ref idref="oc-180"/>
      </symbol>
      <symbol id="sm-442">
         <name>xTaskGenericCreate</name>
         <value>0x1371</value>
         <object_component_ref idref="oc-1f6"/>
      </symbol>
      <symbol id="sm-443">
         <name>pxCurrentTCB</name>
         <value>0x20007910</value>
         <object_component_ref idref="oc-97"/>
      </symbol>
      <symbol id="sm-444">
         <name>vTaskSetTimeOutState</name>
         <value>0x258d</value>
         <object_component_ref idref="oc-15c"/>
      </symbol>
      <symbol id="sm-445">
         <name>xTaskIncrementTick</name>
         <value>0x126d</value>
         <object_component_ref idref="oc-a4"/>
      </symbol>
      <symbol id="sm-446">
         <name>vTaskSwitchContext</name>
         <value>0x18e9</value>
         <object_component_ref idref="oc-9d"/>
      </symbol>
      <symbol id="sm-447">
         <name>xTaskRemoveFromEventList</name>
         <value>0x1b61</value>
         <object_component_ref idref="oc-198"/>
      </symbol>
      <symbol id="sm-4a1">
         <name>ulMaxSyscallInterruptPriority</name>
         <value>0x273c</value>
         <object_component_ref idref="oc-9a"/>
      </symbol>
      <symbol id="sm-4a2">
         <name>vPortSetupTimerInterrupt</name>
         <value>0x25bd</value>
         <object_component_ref idref="oc-3d1"/>
      </symbol>
      <symbol id="sm-4a3">
         <name>xPortSysTickHandler</name>
         <value>0x23fd</value>
         <object_component_ref idref="oc-41"/>
      </symbol>
      <symbol id="sm-4a4">
         <name>pxPortInitialiseStack</name>
         <value>0x2451</value>
         <object_component_ref idref="oc-2f9"/>
      </symbol>
      <symbol id="sm-4a5">
         <name>vPortExitCritical</name>
         <value>0x2575</value>
         <object_component_ref idref="oc-162"/>
      </symbol>
      <symbol id="sm-4a6">
         <name>xPortStartScheduler</name>
         <value>0x2271</value>
         <object_component_ref idref="oc-331"/>
      </symbol>
      <symbol id="sm-4a7">
         <name>vPortEnterCritical</name>
         <value>0x24dd</value>
         <object_component_ref idref="oc-16e"/>
      </symbol>
      <symbol id="sm-4b6">
         <name>vPortStartFirstTask</name>
         <value>0x16e5</value>
         <object_component_ref idref="oc-3c"/>
      </symbol>
      <symbol id="sm-4b7">
         <name>ulPortGetIPSR</name>
         <value>0x164d</value>
         <object_component_ref idref="oc-3c"/>
      </symbol>
      <symbol id="sm-4b8">
         <name>vPortEnableVFP</name>
         <value>0x1701</value>
         <object_component_ref idref="oc-3c"/>
      </symbol>
      <symbol id="sm-4b9">
         <name>xPortPendSVHandler</name>
         <value>0x1665</value>
         <object_component_ref idref="oc-3c"/>
      </symbol>
      <symbol id="sm-4ba">
         <name>vPortSVCHandler</name>
         <value>0x16c5</value>
         <object_component_ref idref="oc-3c"/>
      </symbol>
      <symbol id="sm-50f">
         <name>pvPortMalloc</name>
         <value>0x1711</value>
         <object_component_ref idref="oc-2d9"/>
      </symbol>
      <symbol id="sm-510">
         <name>vPortFree</name>
         <value>0x21ed</value>
         <object_component_ref idref="oc-3a0"/>
      </symbol>
      <symbol id="sm-57e">
         <name>UARTStdioConfig</name>
         <value>0x1ea5</value>
         <object_component_ref idref="oc-2d2"/>
      </symbol>
      <symbol id="sm-57f">
         <name>UARTwrite</name>
         <value>0x2161</value>
         <object_component_ref idref="oc-28b"/>
      </symbol>
      <symbol id="sm-580">
         <name>UARTprintf</name>
         <value>0x24f9</value>
         <object_component_ref idref="oc-b7"/>
      </symbol>
      <symbol id="sm-581">
         <name>UARTvprintf</name>
         <value>0x48d</value>
         <object_component_ref idref="oc-14f"/>
      </symbol>
      <symbol id="sm-591">
         <name>__aeabi_uidivmod</name>
         <value>0x2231</value>
         <object_component_ref idref="oc-291"/>
      </symbol>
      <symbol id="sm-592">
         <name>__aeabi_uidiv</name>
         <value>0x2231</value>
         <object_component_ref idref="oc-291"/>
      </symbol>
      <symbol id="sm-5ae">
         <name>memcpy</name>
         <value>0x17bd</value>
         <object_component_ref idref="oc-61"/>
      </symbol>
      <symbol id="sm-5af">
         <name>__aeabi_memcpy</name>
         <value>0x17bd</value>
         <object_component_ref idref="oc-61"/>
      </symbol>
      <symbol id="sm-5b0">
         <name>__aeabi_memcpy8</name>
         <value>0x17bd</value>
         <object_component_ref idref="oc-61"/>
      </symbol>
      <symbol id="sm-5b1">
         <name>__aeabi_memcpy4</name>
         <value>0x17bd</value>
         <object_component_ref idref="oc-61"/>
      </symbol>
      <symbol id="sm-5c0">
         <name>__aeabi_memset</name>
         <value>0x19fb</value>
         <object_component_ref idref="oc-fe"/>
      </symbol>
      <symbol id="sm-5c1">
         <name>memset</name>
         <value>0x1a01</value>
         <object_component_ref idref="oc-fe"/>
      </symbol>
      <symbol id="sm-5c2">
         <name>__aeabi_memset8</name>
         <value>0x19fb</value>
         <object_component_ref idref="oc-fe"/>
      </symbol>
      <symbol id="sm-5c3">
         <name>__aeabi_memset4</name>
         <value>0x19fb</value>
         <object_component_ref idref="oc-fe"/>
      </symbol>
      <symbol id="sm-5c4">
         <name>__aeabi_memclr8</name>
         <value>0x19f9</value>
         <object_component_ref idref="oc-fe"/>
      </symbol>
      <symbol id="sm-5c5">
         <name>__aeabi_memclr4</name>
         <value>0x19f9</value>
         <object_component_ref idref="oc-fe"/>
      </symbol>
      <symbol id="sm-5c6">
         <name>__aeabi_memclr</name>
         <value>0x19f9</value>
         <object_component_ref idref="oc-fe"/>
      </symbol>
      <symbol id="sm-5dd">
         <name>__TI_zero_init</name>
         <value>0x2659</value>
         <object_component_ref idref="oc-73"/>
      </symbol>
      <symbol id="sm-5f4">
         <name>__TI_decompress_none</name>
         <value>0x2633</value>
         <object_component_ref idref="oc-18"/>
      </symbol>
      <symbol id="sm-617">
         <name>__TI_decompress_lzss</name>
         <value>0x1cb1</value>
         <object_component_ref idref="oc-12"/>
      </symbol>
      <symbol id="sm-62a">
         <name>__stack</name>
         <value>0x20007710</value>
         <object_component_ref idref="oc-21"/>
      </symbol>
      <symbol id="sm-62b">
         <name>_c_int00_noargs</name>
         <value>0x2329</value>
         <object_component_ref idref="oc-7f"/>
      </symbol>
      <symbol id="sm-636">
         <name>C$$EXIT</name>
         <value>0x26af</value>
         <object_component_ref idref="oc-234"/>
      </symbol>
      <symbol id="sm-637">
         <name>abort</name>
         <value>0x26af</value>
         <object_component_ref idref="oc-234"/>
      </symbol>
      <symbol id="sm-643">
         <name>__aeabi_idiv0</name>
         <value>0x1c47</value>
         <object_component_ref idref="oc-374"/>
      </symbol>
      <symbol id="sm-644">
         <name>__aeabi_ldiv0</name>
         <value>0x1c47</value>
         <object_component_ref idref="oc-374"/>
      </symbol>
      <symbol id="sm-66c">
         <name>__TI_auto_init_nobinit_nopinit</name>
         <value>0x21a9</value>
         <object_component_ref idref="oc-240"/>
      </symbol>
      <symbol id="sm-676">
         <name>_system_pre_init</name>
         <value>0x26ab</value>
         <object_component_ref idref="oc-104"/>
      </symbol>
      <symbol id="sm-6ac">
         <name>IntEnable</name>
         <value>0x1c49</value>
         <object_component_ref idref="oc-31e"/>
      </symbol>
      <symbol id="sm-6ad">
         <name>IntMasterEnable</name>
         <value>0x25f5</value>
         <object_component_ref idref="oc-30c"/>
      </symbol>
      <symbol id="sm-6c1">
         <name>SysCtlPeripheralEnable</name>
         <value>0x2399</value>
         <object_component_ref idref="oc-306"/>
      </symbol>
      <symbol id="sm-70f">
         <name>TimerLoadSet</name>
         <value>0x25d1</value>
         <object_component_ref idref="oc-318"/>
      </symbol>
      <symbol id="sm-710">
         <name>TimerDisable</name>
         <value>0x252d</value>
         <object_component_ref idref="oc-c9"/>
      </symbol>
      <symbol id="sm-711">
         <name>TimerEnable</name>
         <value>0x2625</value>
         <object_component_ref idref="oc-32a"/>
      </symbol>
      <symbol id="sm-712">
         <name>TimerIntDisable</name>
         <value>0x2671</value>
         <object_component_ref idref="oc-c3"/>
      </symbol>
      <symbol id="sm-713">
         <name>TimerValueGet</name>
         <value>0x267b</value>
         <object_component_ref idref="oc-b1"/>
      </symbol>
      <symbol id="sm-714">
         <name>TimerIntEnable</name>
         <value>0x2685</value>
         <object_component_ref idref="oc-324"/>
      </symbol>
      <symbol id="sm-715">
         <name>TimerConfigure</name>
         <value>0x1e45</value>
         <object_component_ref idref="oc-312"/>
      </symbol>
      <symbol id="sm-716">
         <name>TimerIntClear</name>
         <value>0x26a7</value>
         <object_component_ref idref="oc-ab"/>
      </symbol>
      <symbol id="sm-723">
         <name>UARTClockSourceSet</name>
         <value>0x269b</value>
         <object_component_ref idref="oc-2cc"/>
      </symbol>
      <symbol id="sm-72d">
         <name>CPUcpsie</name>
         <value>0x2641</value>
         <object_component_ref idref="oc-3c1"/>
      </symbol>
      <symbol id="sm-72e">
         <name>__TI_static_base__</name>
         <value>0x0</value>
      </symbol>
      <symbol id="sm-731">
         <name>__mpu_init</name>
         <value>0x0</value>
      </symbol>
      <symbol id="sm-732">
         <name>_system_post_cinit</name>
         <value>0x0</value>
      </symbol>
   </symbol_table>
   <title>Link successful</title>
</link_info>
