******************************************************************************
                  TI ARM Linker PC v18.1.4                     
******************************************************************************
>> Linked Tue Apr  9 22:38:08 2019

OUTPUT FILE NAME:   <ex5_q2_seqgen.out>
ENTRY POINT SYMBOL: "_c_int00_noargs"  address: 000027a9


MEMORY CONFIGURATION

         name            origin    length      used     unused   attr    fill
----------------------  --------  ---------  --------  --------  ----  --------
  FLASH                 00000000   00040000  00002c0e  0003d3f2  R  X
  SRAM                  20000000   00008000  000079a8  00000658  RW X


SEGMENT ALLOCATION MAP

run origin  load origin   length   init length attrs members
----------  ----------- ---------- ----------- ----- -------
00000000    00000000    00002c10   00002c10    r-x
  00000000    00000000    0000026c   0000026c    r-- .intvecs
  0000026c    0000026c    000028de   000028de    r-x .text
  00002b4c    00002b4c    0000008c   0000008c    r-- .const
  00002bd8    00002bd8    00000038   00000038    r-- .cinit
20000000    20000000    000079a8   00000000    rw-
  20000000    20000000    00007748   00000000    rw- .bss
  20007748    20007748    00000200   00000000    rw- .stack
  20007948    20007948    00000060   00000000    rw- .data


SECTION ALLOCATION MAP

 output                                  attributes/
section   page    origin      length       input sections
--------  ----  ----------  ----------   ----------------
.intvecs   0    00000000    0000026c     
                  00000000    0000026c     startup_ccs.obj (.intvecs)

.text      0    0000026c    000028de     
                  0000026c    0000041c     freertos_demo.obj (.text:Service_7)
                  00000688    00000214     freertos_demo.obj (.text:main)
                  0000089c    000001ea     uartstdio.obj (.text:UARTvprintf)
                  00000a86    00000002     startup_ccs.obj (.text:FaultISR)
                  00000a88    000001b4     freertos_demo.obj (.text:Sequencer)
                  00000c3c    0000018c     freertos_demo.obj (.text:Service_6)
                  00000dc8    00000188     freertos_demo.obj (.text:Service_2)
                  00000f50    00000180     freertos_demo.obj (.text:Service_4)
                  000010d0    00000180     freertos_demo.obj (.text:Service_5)
                  00001250    00000170     freertos_demo.obj (.text:Service_3)
                  000013c0    00000160     freertos_demo.obj (.text:Service_1)
                  00001520    00000118     queue.obj (.text:xQueueGenericReceive)
                  00001638    00000104     tasks.obj (.text:xTaskIncrementTick)
                  0000173c    00000100     tasks.obj (.text:xTaskGenericCreate)
                  0000183c    000000e8     queue.obj (.text:xQueueGenericSend)
                  00001924    000000e4     tasks.obj (.text:xTaskResumeAll)
                  00001a08    000000d2     portasm.obj (.text)
                  00001ada    00000002     startup_ccs.obj (.text:IntDefaultHandler)
                  00001adc    000000b4     tasks.obj (.text:vTaskDelete)
                  00001b90    000000ac     heap_2.obj (.text:pvPortMalloc)
                  00001c3c    0000009c     rtsv7M4_T_le_v4SPD16_eabi.lib : memcpy_t2.asm.obj (.text)
                  00001cd8    00000090     tasks.obj (.text:vTaskPriorityInherit)
                  00001d68    0000008c     tasks.obj (.text:vTaskSwitchContext)
                  00001df4    00000084     queue.obj (.text:xQueueGenericReset)
                  00001e78    0000007a     rtsv7M4_T_le_v4SPD16_eabi.lib : memset_t2.asm.obj (.text)
                  00001ef2    00000002     startup_ccs.obj (.text:NmiSR)
                  00001ef4    00000078     tasks.obj (.text:xTaskPriorityDisinherit)
                  00001f6c    00000074     freertos_demo.obj (.text:ConfigureTimer)
                  00001fe0    00000074     tasks.obj (.text:xTaskRemoveFromEventList)
                  00002054    00000072     queue.obj (.text:prvCopyDataToQueue)
                  000020c6    00000002     rtsv7M4_T_le_v4SPD16_eabi.lib : div0.asm.obj (.text)
                  000020c8    00000068     driverlib.lib : interrupt.obj (.text:IntEnable)
                  00002130    00000068     rtsv7M4_T_le_v4SPD16_eabi.lib : copy_decompress_lzss.c.obj (.text:decompress:lzss:__TI_decompress_lzss)
                  00002198    00000064     freertos_demo.obj (.text:ConfigureUART)
                  000021fc    00000064     tasks.obj (.text:vTaskPlaceOnEventList)
                  00002260    00000062     queue.obj (.text:prvUnlockQueue)
                  000022c2    00000002     freertos_demo.obj (.text:vApplicationStackOverflowHook)
                  000022c4    00000060     driverlib.lib : timer.obj (.text:TimerConfigure)
                  00002324    00000060     uartstdio.obj (.text:UARTStdioConfig)
                  00002384    00000060     tasks.obj (.text:prvInitialiseTaskLists)
                  000023e4    00000060     tasks.obj (.text:vTaskStartScheduler)
                  00002444    00000058     tasks.obj (.text:prvCheckTasksWaitingTermination)
                  0000249c    00000056     tasks.obj (.text:prvInitialiseTCBVariables)
                  000024f2    00000002     --HOLE-- [fill = 0]
                  000024f4    00000054     tasks.obj (.text:xTaskCheckForTimeOut)
                  00002548    0000004c     tasks.obj (.text:prvAddCurrentTaskToDelayedList)
                  00002594    0000004c     queue.obj (.text:xQueueCreateMutex)
                  000025e0    00000048     uartstdio.obj (.text:UARTwrite)
                  00002628    00000044     rtsv7M4_T_le_v4SPD16_eabi.lib : autoinit.c.obj (.text:__TI_auto_init_nobinit_nopinit:__TI_auto_init_nobinit_nopinit)
                  0000266c    00000044     heap_2.obj (.text:vPortFree)
                  000026b0    00000040     rtsv7M4_T_le_v4SPD16_eabi.lib : u_divt2.asm.obj (.text)
                  000026f0    00000040     port.obj (.text:xPortStartScheduler)
                  00002730    0000003c     queue.obj (.text:xQueueGenericCreate)
                  0000276c    0000003a     tasks.obj (.text:prvAllocateTCBAndStack)
                  000027a6    00000002     --HOLE-- [fill = 0]
                  000027a8    00000038     rtsv7M4_T_le_v4SPD16_eabi.lib : boot_cortex_m.c.obj (.text:_c_int00_noargs:_c_int00_noargs)
                  000027e0    00000038     list.obj (.text:vListInsert)
                  00002818    00000034     driverlib.lib : sysctl.obj (.text:SysCtlPeripheralEnable)
                  0000284c    00000030     heap_2.obj (.text:prvHeapInit)
                  0000287c    0000002c     port.obj (.text:xPortSysTickHandler)
                  000028a8    00000028     tasks.obj (.text:prvResetNextTaskUnblockTime)
                  000028d0    00000028     port.obj (.text:pxPortInitialiseStack)
                  000028f8    00000026     queue.obj (.text:prvCopyDataFromQueue)
                  0000291e    00000002     --HOLE-- [fill = 0]
                  00002920    00000024     freertos_demo.obj (.text:Timer0AHandler)
                  00002944    00000020     list.obj (.text:uxListRemove)
                  00002964    0000001c     queue.obj (.text:prvIsQueueFull)
                  00002980    0000001c     port.obj (.text:vPortEnterCritical)
                  0000299c    0000001a     uartstdio.obj (.text:UARTprintf)
                  000029b6    0000001a     queue.obj (.text:prvIsQueueEmpty)
                  000029d0    00000018     driverlib.lib : timer.obj (.text:TimerDisable)
                  000029e8    00000018     tasks.obj (.text:pvTaskIncrementMutexHeldCount)
                  00002a00    00000018     list.obj (.text:vListInsertEnd)
                  00002a18    00000018     port.obj (.text:vPortExitCritical)
                  00002a30    00000018     tasks.obj (.text:vTaskSetTimeOutState)
                  00002a48    00000016     list.obj (.text:vListInitialise)
                  00002a5e    00000002     --HOLE-- [fill = 0]
                  00002a60    00000014     port.obj (.text:vPortSetupTimerInterrupt)
                  00002a74    00000012     driverlib.lib : timer.obj (.text:TimerLoadSet)
                  00002a86    00000012     tasks.obj (.text:prvDeleteTCB)
                  00002a98    00000010     driverlib.lib : interrupt.obj (.text:IntMasterEnable)
                  00002aa8    00000010     port.obj (.text:prvTaskExitError)
                  00002ab8    00000010     tasks.obj (.text:vTaskSuspendAll)
                  00002ac8    0000000e     driverlib.lib : timer.obj (.text:TimerEnable)
                  00002ad6    0000000e     rtsv7M4_T_le_v4SPD16_eabi.lib : copy_decompress_none.c.obj (.text:decompress:none:__TI_decompress_none)
                  00002ae4    0000000c     driverlib.lib : cpu.obj (.text:CPUcpsie)
                  00002af0    0000000c     rtsv7M4_T_le_v4SPD16_eabi.lib : copy_zero_init.c.obj (.text:decompress:ZI:__TI_zero_init)
                  00002afc    0000000c     tasks.obj (.text:vTaskMissedYield)
                  00002b08    0000000a     driverlib.lib : timer.obj (.text:TimerIntDisable)
                  00002b12    0000000a                   : timer.obj (.text:TimerValueGet)
                  00002b1c    00000008                   : timer.obj (.text:TimerIntEnable)
                  00002b24    00000008     tasks.obj (.text:prvIdleTask)
                  00002b2c    00000006     startup_ccs.obj (.text:ResetISR)
                  00002b32    00000006     driverlib.lib : uart.obj (.text:UARTClockSourceSet)
                  00002b38    00000006     list.obj (.text:vListInitialiseItem)
                  00002b3e    00000004     driverlib.lib : timer.obj (.text:TimerIntClear)
                  00002b42    00000004     rtsv7M4_T_le_v4SPD16_eabi.lib : pre_init.c.obj (.text:_system_pre_init)
                  00002b46    00000004                                   : exit.c.obj (.text:abort:abort)

.const     0    00002b4c    0000008c     
                  00002b4c    00000070     driverlib.lib : interrupt.obj (.const)
                  00002bbc    0000000c     uartstdio.obj (.const:g_ui32UARTBase)
                  00002bc8    0000000c     uartstdio.obj (.const:g_ui32UARTPeriph)
                  00002bd4    00000004     port.obj (.const)

.cinit     0    00002bd8    00000038     
                  00002bd8    0000000f     (.cinit..data.load) [load image, compression = lzss]
                  00002be7    00000001     --HOLE-- [fill = 0]
                  00002be8    0000000c     (__TI_handler_table)
                  00002bf4    00000004     --HOLE-- [fill = 0]
                  00002bf8    00000008     (.cinit..bss.load) [load image, compression = zero_init]
                  00002c00    00000010     (__TI_cinit_table)

.init_array 
*          0    00000000    00000000     UNINITIALIZED

.bss       0    20000000    00007748     UNINITIALIZED
                  20000000    00007530     heap_2.obj (.bss:ucHeap)
                  20007530    00000140     tasks.obj (.bss:pxReadyTasksLists)
                  20007670    00000038     (.common:WCET)
                  200076a8    00000014     tasks.obj (.bss:xDelayedTaskList1)
                  200076bc    00000014     tasks.obj (.bss:xDelayedTaskList2)
                  200076d0    00000014     tasks.obj (.bss:xPendingReadyList)
                  200076e4    00000014     tasks.obj (.bss:xSuspendedTaskList)
                  200076f8    00000014     tasks.obj (.bss:xTasksWaitingTermination)
                  2000770c    00000008     tasks.obj (.bss)
                  20007714    00000008     heap_2.obj (.bss:xEnd)
                  2000771c    00000008     heap_2.obj (.bss:xStart)
                  20007724    00000004     (.common:g_pUARTSemaphore)
                  20007728    00000004     (.common:semS1)
                  2000772c    00000004     (.common:semS2)
                  20007730    00000004     (.common:semS3)
                  20007734    00000004     (.common:semS4)
                  20007738    00000004     (.common:semS5)
                  2000773c    00000004     (.common:semS6)
                  20007740    00000004     (.common:semS7)
                  20007744    00000004     (.common:semSeq)

.data      0    20007948    00000060     UNINITIALIZED
                  20007948    00000030     tasks.obj (.data)
                  20007978    0000001c     freertos_demo.obj (.data)
                  20007994    00000008     heap_2.obj (.data)
                  2000799c    00000005     uartstdio.obj (.data)
                  200079a1    00000003     --HOLE--
                  200079a4    00000004     port.obj (.data)

.stack     0    20007748    00000200     UNINITIALIZED
                  20007748    00000004     rtsv7M4_T_le_v4SPD16_eabi.lib : boot_cortex_m.c.obj (.stack)
                  2000774c    000001fc     --HOLE--

MODULE SUMMARY

       Module                       code    ro data   rw data
       ------                       ----    -------   -------
    .\
       freertos_demo.obj            4550    0         120    
       startup_ccs.obj              12      620       0      
    +--+----------------------------+-------+---------+---------+
       Total:                       4562    620       120    
                                                             
    .\third_party\FreeRTOS\Source\
       tasks.obj                    2270    0         476    
       queue.obj                    1084    0         0      
       list.obj                     140     0         0      
    +--+----------------------------+-------+---------+---------+
       Total:                       3494    0         476    
                                                             
    .\third_party\FreeRTOS\Source\portable\CCS\ARM_CM4F\
       port.obj                     236     4         4      
       portasm.obj                  210     0         0      
    +--+----------------------------+-------+---------+---------+
       Total:                       446     4         4      
                                                             
    .\third_party\FreeRTOS\Source\portable\MemMang\
       heap_2.obj                   288     0         30024  
    +--+----------------------------+-------+---------+---------+
       Total:                       288     0         30024  
                                                             
    .\utils\
       uartstdio.obj                684     24        5      
    +--+----------------------------+-------+---------+---------+
       Total:                       684     24        5      
                                                             
    C:/ti/TivaWare_C_Series-2.1.4.178/driverlib/ccs/Debug/driverlib.lib
       interrupt.obj                120     112       0      
       timer.obj                    184     0         0      
       sysctl.obj                   52      0         0      
       cpu.obj                      12      0         0      
       uart.obj                     6       0         0      
    +--+----------------------------+-------+---------+---------+
       Total:                       374     112       0      
                                                             
    C:\ti\ccsv8\tools\compiler\ti-cgt-arm_18.1.4.LTS\lib\rtsv7M4_T_le_v4SPD16_eabi.lib
       memcpy_t2.asm.obj            156     0         0      
       memset_t2.asm.obj            122     0         0      
       copy_decompress_lzss.c.obj   104     0         0      
       autoinit.c.obj               68      0         0      
       u_divt2.asm.obj              64      0         0      
       boot_cortex_m.c.obj          56      0         0      
       copy_decompress_none.c.obj   14      0         0      
       copy_zero_init.c.obj         12      0         0      
       exit.c.obj                   4       0         0      
       pre_init.c.obj               4       0         0      
       div0.asm.obj                 2       0         0      
    +--+----------------------------+-------+---------+---------+
       Total:                       606     0         0      
                                                             
       Stack:                       0       0         512    
       Linker Generated:            0       51        0      
    +--+----------------------------+-------+---------+---------+
       Grand Total:                 10454   811       31141  


LINKER GENERATED COPY TABLES

__TI_cinit_table @ 00002c00 records: 2, size/record: 8, table size: 16
	.data: load addr=00002bd8, load size=0000000f bytes, run addr=20007948, run size=00000060 bytes, compression=lzss
	.bss: load addr=00002bf8, load size=00000008 bytes, run addr=20000000, run size=00007748 bytes, compression=zero_init


LINKER GENERATED HANDLER TABLE

__TI_handler_table @ 00002be8 records: 3, size/record: 4, table size: 12
	index: 0, handler: __TI_decompress_lzss
	index: 1, handler: __TI_decompress_none
	index: 2, handler: __TI_zero_init


GLOBAL SYMBOLS: SORTED ALPHABETICALLY BY Name 

address   name                          
-------   ----                          
00002b47  C$$EXIT                       
00002ae5  CPUcpsie                      
00001f6d  ConfigureTimer                
00002199  ConfigureUART                 
000020c9  IntEnable                     
00002a99  IntMasterEnable               
00002b2d  ResetISR                      
00000a89  Sequencer                     
000013c1  Service_1                     
00000dc9  Service_2                     
00001251  Service_3                     
00000f51  Service_4                     
000010d1  Service_5                     
00000c3d  Service_6                     
0000026d  Service_7                     
00002819  SysCtlPeripheralEnable        
00002921  Timer0AHandler                
000022c5  TimerConfigure                
000029d1  TimerDisable                  
00002ac9  TimerEnable                   
00002b3f  TimerIntClear                 
00002b09  TimerIntDisable               
00002b1d  TimerIntEnable                
00002a75  TimerLoadSet                  
00002b13  TimerValueGet                 
00002b33  UARTClockSourceSet            
00002325  UARTStdioConfig               
0000299d  UARTprintf                    
0000089d  UARTvprintf                   
000025e1  UARTwrite                     
20007670  WCET                          
20007948  __STACK_END                   
00000200  __STACK_SIZE                  
20007948  __STACK_TOP                   
00002c00  __TI_CINIT_Base               
00002c10  __TI_CINIT_Limit              
00002be8  __TI_Handler_Table_Base       
00002bf4  __TI_Handler_Table_Limit      
00002629  __TI_auto_init_nobinit_nopinit
00002131  __TI_decompress_lzss          
00002ad7  __TI_decompress_none          
ffffffff  __TI_pprof_out_hndl           
ffffffff  __TI_prof_data_size           
ffffffff  __TI_prof_data_start          
00000000  __TI_static_base__            
00002af1  __TI_zero_init                
000020c7  __aeabi_idiv0                 
000020c7  __aeabi_ldiv0                 
00001e79  __aeabi_memclr                
00001e79  __aeabi_memclr4               
00001e79  __aeabi_memclr8               
00001c3d  __aeabi_memcpy                
00001c3d  __aeabi_memcpy4               
00001c3d  __aeabi_memcpy8               
00001e7b  __aeabi_memset                
00001e7b  __aeabi_memset4               
00001e7b  __aeabi_memset8               
000026b1  __aeabi_uidiv                 
000026b1  __aeabi_uidivmod              
ffffffff  __binit__                     
ffffffff  __c_args__                    
UNDEFED   __mpu_init                    
20007748  __stack                       
000027a9  _c_int00_noargs               
UNDEFED   _system_post_cinit            
00002b43  _system_pre_init              
00002b47  abort                         
20007978  abortS1                       
2000797c  abortS2                       
20007980  abortS3                       
20007984  abortS4                       
20007988  abortS5                       
2000798c  abortS6                       
20007990  abortS7                       
ffffffff  binit                         
20007724  g_pUARTSemaphore              
00000000  g_pfnVectors                  
00000689  main                          
00001c3d  memcpy                        
00001e81  memset                        
00001b91  pvPortMalloc                  
000029e9  pvTaskIncrementMutexHeldCount 
20007948  pxCurrentTCB                  
000028d1  pxPortInitialiseStack         
20007728  semS1                         
2000772c  semS2                         
20007730  semS3                         
20007734  semS4                         
20007738  semS5                         
2000773c  semS6                         
20007740  semS7                         
20007744  semSeq                        
00002bd4  ulMaxSyscallInterruptPriority 
00001a19  ulPortGetIPSR                 
00002945  uxListRemove                  
000022c3  vApplicationStackOverflowHook 
00002a49  vListInitialise               
00002b39  vListInitialiseItem           
000027e1  vListInsert                   
00002a01  vListInsertEnd                
00001acd  vPortEnableVFP                
00002981  vPortEnterCritical            
00002a19  vPortExitCritical             
0000266d  vPortFree                     
00001a91  vPortSVCHandler               
00002a61  vPortSetupTimerInterrupt      
00001ab1  vPortStartFirstTask           
00001add  vTaskDelete                   
00002afd  vTaskMissedYield              
000021fd  vTaskPlaceOnEventList         
00001cd9  vTaskPriorityInherit          
00002a31  vTaskSetTimeOutState          
000023e5  vTaskStartScheduler           
00002ab9  vTaskSuspendAll               
00001d69  vTaskSwitchContext            
00001a31  xPortPendSVHandler            
000026f1  xPortStartScheduler           
0000287d  xPortSysTickHandler           
00002595  xQueueCreateMutex             
00002731  xQueueGenericCreate           
00001521  xQueueGenericReceive          
00001df5  xQueueGenericReset            
0000183d  xQueueGenericSend             
000024f5  xTaskCheckForTimeOut          
0000173d  xTaskGenericCreate            
00001639  xTaskIncrementTick            
00001ef5  xTaskPriorityDisinherit       
00001fe1  xTaskRemoveFromEventList      
00001925  xTaskResumeAll                


GLOBAL SYMBOLS: SORTED BY Symbol Address 

address   name                          
-------   ----                          
00000000  __TI_static_base__            
00000000  g_pfnVectors                  
00000200  __STACK_SIZE                  
0000026d  Service_7                     
00000689  main                          
0000089d  UARTvprintf                   
00000a89  Sequencer                     
00000c3d  Service_6                     
00000dc9  Service_2                     
00000f51  Service_4                     
000010d1  Service_5                     
00001251  Service_3                     
000013c1  Service_1                     
00001521  xQueueGenericReceive          
00001639  xTaskIncrementTick            
0000173d  xTaskGenericCreate            
0000183d  xQueueGenericSend             
00001925  xTaskResumeAll                
00001a19  ulPortGetIPSR                 
00001a31  xPortPendSVHandler            
00001a91  vPortSVCHandler               
00001ab1  vPortStartFirstTask           
00001acd  vPortEnableVFP                
00001add  vTaskDelete                   
00001b91  pvPortMalloc                  
00001c3d  __aeabi_memcpy                
00001c3d  __aeabi_memcpy4               
00001c3d  __aeabi_memcpy8               
00001c3d  memcpy                        
00001cd9  vTaskPriorityInherit          
00001d69  vTaskSwitchContext            
00001df5  xQueueGenericReset            
00001e79  __aeabi_memclr                
00001e79  __aeabi_memclr4               
00001e79  __aeabi_memclr8               
00001e7b  __aeabi_memset                
00001e7b  __aeabi_memset4               
00001e7b  __aeabi_memset8               
00001e81  memset                        
00001ef5  xTaskPriorityDisinherit       
00001f6d  ConfigureTimer                
00001fe1  xTaskRemoveFromEventList      
000020c7  __aeabi_idiv0                 
000020c7  __aeabi_ldiv0                 
000020c9  IntEnable                     
00002131  __TI_decompress_lzss          
00002199  ConfigureUART                 
000021fd  vTaskPlaceOnEventList         
000022c3  vApplicationStackOverflowHook 
000022c5  TimerConfigure                
00002325  UARTStdioConfig               
000023e5  vTaskStartScheduler           
000024f5  xTaskCheckForTimeOut          
00002595  xQueueCreateMutex             
000025e1  UARTwrite                     
00002629  __TI_auto_init_nobinit_nopinit
0000266d  vPortFree                     
000026b1  __aeabi_uidiv                 
000026b1  __aeabi_uidivmod              
000026f1  xPortStartScheduler           
00002731  xQueueGenericCreate           
000027a9  _c_int00_noargs               
000027e1  vListInsert                   
00002819  SysCtlPeripheralEnable        
0000287d  xPortSysTickHandler           
000028d1  pxPortInitialiseStack         
00002921  Timer0AHandler                
00002945  uxListRemove                  
00002981  vPortEnterCritical            
0000299d  UARTprintf                    
000029d1  TimerDisable                  
000029e9  pvTaskIncrementMutexHeldCount 
00002a01  vListInsertEnd                
00002a19  vPortExitCritical             
00002a31  vTaskSetTimeOutState          
00002a49  vListInitialise               
00002a61  vPortSetupTimerInterrupt      
00002a75  TimerLoadSet                  
00002a99  IntMasterEnable               
00002ab9  vTaskSuspendAll               
00002ac9  TimerEnable                   
00002ad7  __TI_decompress_none          
00002ae5  CPUcpsie                      
00002af1  __TI_zero_init                
00002afd  vTaskMissedYield              
00002b09  TimerIntDisable               
00002b13  TimerValueGet                 
00002b1d  TimerIntEnable                
00002b2d  ResetISR                      
00002b33  UARTClockSourceSet            
00002b39  vListInitialiseItem           
00002b3f  TimerIntClear                 
00002b43  _system_pre_init              
00002b47  C$$EXIT                       
00002b47  abort                         
00002bd4  ulMaxSyscallInterruptPriority 
00002be8  __TI_Handler_Table_Base       
00002bf4  __TI_Handler_Table_Limit      
00002c00  __TI_CINIT_Base               
00002c10  __TI_CINIT_Limit              
20007670  WCET                          
20007724  g_pUARTSemaphore              
20007728  semS1                         
2000772c  semS2                         
20007730  semS3                         
20007734  semS4                         
20007738  semS5                         
2000773c  semS6                         
20007740  semS7                         
20007744  semSeq                        
20007748  __stack                       
20007948  __STACK_END                   
20007948  __STACK_TOP                   
20007948  pxCurrentTCB                  
20007978  abortS1                       
2000797c  abortS2                       
20007980  abortS3                       
20007984  abortS4                       
20007988  abortS5                       
2000798c  abortS6                       
20007990  abortS7                       
ffffffff  __TI_pprof_out_hndl           
ffffffff  __TI_prof_data_size           
ffffffff  __TI_prof_data_start          
ffffffff  __binit__                     
ffffffff  __c_args__                    
ffffffff  binit                         
UNDEFED   __mpu_init                    
UNDEFED   _system_post_cinit            

[129 symbols]
